******************************************************************************
            TI ARM Clang Linker PC v5.1.1                      
******************************************************************************
>> Linked Fri Jul 24 17:32:22 2026

OUTPUT FILE NAME:   <nuedc2026_Pinconfig.out>
ENTRY POINT SYMBOL: "_c_int00_noargs"  address: 000011f9


MEMORY CONFIGURATION

         name            origin    length      used     unused   attr    fill
----------------------  --------  ---------  --------  --------  ----  --------
  FLASH                 00000000   00020000  000013d8  0001ec28  R  X
  SRAM                  20200000   00008000  00000b91  0000746f  RW X
  BCR_CONFIG            41c00000   000000ff  00000000  000000ff  R   
  BSL_CONFIG            41c00100   00000080  00000000  00000080  R   


SEGMENT ALLOCATION MAP

run origin  load origin   length   init length attrs members
----------  ----------- ---------- ----------- ----- -------
00000000    00000000    000013d8   000013d8    r-x
  00000000    00000000    000000c0   000000c0    r-- .intvecs
  000000c0    000000c0    00001278   00001278    r-x .text
  00001338    00001338    00000088   00000088    r-- .rodata
  000013c0    000013c0    00000018   00000018    r-- .cinit
20200000    20200000    00000991   00000000    rw-
  20200000    20200000    00000991   00000000    rw- .bss
20207e00    20207e00    00000200   00000000    rw-
  20207e00    20207e00    00000200   00000000    rw- .stack


SECTION ALLOCATION MAP

 output                                  attributes/
section   page    origin      length       input sections
--------  ----  ----------  ----------   ----------------
.intvecs   0    00000000    000000c0     
                  00000000    000000c0     startup_mspm0g350x_ticlang.o (.intvecs)

.text      0    000000c0    00001278     
                  000000c0    0000017c     bt_uart.o (.text.UART2_IRQHandler)
                  0000023c    00000140     ti_msp_dl_config.o (.text.SYSCFG_DL_GPIO_init)
                  0000037c    0000011c     driverlib.a : dl_timer.o (.text.DL_Timer_initCaptureMode)
                  00000498    00000104                 : dl_timer.o (.text.DL_Timer_initFourCCPWMMode)
                  0000059c    000000fc                 : dl_timer.o (.text.DL_Timer_initTimerMode)
                  00000698    000000f0     bsp_ZDT_Servo_emm_v5.o (.text.BSP_EmmV5_VelControl)
                  00000788    000000ec     bsp_ZDT_Servo_emm_v5.o (.text.BSP_EmmV5_SetQPosParams)
                  00000874    000000c4     bsp_ZDT_Servo_emm_v5.o (.text.BSP_EmmV5_QPosControl)
                  00000938    000000c0     ZDT_Servo_test.o (.text.ZDT_Servo_Test_update10ms)
                  000009f8    000000a0     ti_msp_dl_config.o (.text.SYSCFG_DL_initPower)
                  00000a98    00000090     bsp_ZDT_Servo_emm_v5.o (.text.BSP_EmmV5_StopNow)
                  00000b28    0000008c     key.o (.text.KEY_scan10ms)
                  00000bb4    0000008c     ti_msp_dl_config.o (.text.SYSCFG_DL_TB_PWM_init)
                  00000c40    0000006c     debug_uart.o (.text.UART0_IRQHandler)
                  00000cac    00000068     ti_msp_dl_config.o (.text.SYSCFG_DL_init)
                  00000d14    00000062     libc.a : memset16.S.obj (.text:memset)
                  00000d76    00000002     startup_mspm0g350x_ticlang.o (.text.Default_Handler)
                  00000d78    00000060     ti_msp_dl_config.o (.text.SYSCFG_DL_BT_UART_init)
                  00000dd8    00000060     ti_msp_dl_config.o (.text.SYSCFG_DL_RESV1_UART_init)
                  00000e38    00000060     ti_msp_dl_config.o (.text.SYSCFG_DL_RESV2_UART_init)
                  00000e98    00000060     ti_msp_dl_config.o (.text.SYSCFG_DL_STEP1_UART_init)
                  00000ef8    00000054     ti_msp_dl_config.o (.text.SYSCFG_DL_ICM_I2C_init)
                  00000f4c    00000050     ti_msp_dl_config.o (.text.SYSCFG_DL_SYSCTL_init)
                  00000f9c    0000004c     ti_msp_dl_config.o (.text.SYSCFG_DL_ENCODER1_init)
                  00000fe8    0000004c     ti_msp_dl_config.o (.text.SYSCFG_DL_ENCODER2_init)
                  00001034    0000004c     ti_msp_dl_config.o (.text.SYSCFG_DL_TIMER_0_init)
                  00001080    00000048     driverlib.a : dl_uart.o (.text.DL_UART_init)
                  000010c8    0000003c     libc.a : autoinit.c.obj (.text:__TI_auto_init_nobinit_nopinit)
                  00001104    00000034     main.o (.text.main)
                  00001138    00000030     driverlib.a : dl_uart.o (.text.DL_UART_transmitDataBlocking)
                  00001168    00000030     ti_msp_dl_config.o (.text.SYSCFG_DL_TRACK_I2C_init)
                  00001198    00000030     encoder.o (.text.TIMA0_IRQHandler)
                  000011c8    00000030     encoder.o (.text.TIMG6_IRQHandler)
                  000011f8    00000028     libc.a : boot_cortex_m.c.obj (.text:_c_int00_noargs)
                  00001220    00000026     driverlib.a : dl_i2c.o (.text.DL_I2C_setClockConfig)
                  00001246    00000002     --HOLE-- [fill = 0]
                  00001248    0000001c                 : dl_timer.o (.text.DL_Timer_setCaptCompUpdateMethod)
                  00001264    0000001c                 : dl_timer.o (.text.DL_Timer_setClockConfig)
                  00001280    0000001c     key.o (.text.KEY_init)
                  0000129c    0000001a     libclang_rt.builtins.a : aeabi_memset.S.obj (.text)
                  000012b6    00000002     --HOLE-- [fill = 0]
                  000012b8    00000018     driverlib.a : dl_timer.o (.text.DL_Timer_setCaptureCompareOutCtl)
                  000012d0    00000014     ZDT_Servo_test.o (.text.ZDT_Servo_Test_init)
                  000012e4    00000012     driverlib.a : dl_uart.o (.text.DL_UART_setClockConfig)
                  000012f6    00000002     --HOLE-- [fill = 0]
                  000012f8    00000010                 : dl_timer.o (.text.DL_Timer_setCaptureCompareValue)
                  00001308    00000010     libc.a : copy_zero_init.c.obj (.text:decompress:ZI)
                  00001318    0000000a     driverlib.a : dl_common.o (.text.DL_Common_delayCycles)
                  00001322    00000006     libc.a : exit.c.obj (.text:abort)
                  00001328    00000004     libsysbm.a : hostexit.c.obj (.text.HOSTexit)
                  0000132c    00000004     startup_mspm0g350x_ticlang.o (.text.Reset_Handler)
                  00001330    00000004     libc.a : pre_init.c.obj (.text._system_pre_init)
                  00001334    00000004     --HOLE-- [fill = 0]

.cinit     0    000013c0    00000018     
                  000013c0    00000008     (.cinit..bss.load) [load image, compression = zero_init]
                  000013c8    00000004     (__TI_handler_table)
                  000013cc    00000008     (__TI_cinit_table)
                  000013d4    00000004     --HOLE-- [fill = 0]

.rodata    0    00001338    00000088     
                  00001338    00000014     ti_msp_dl_config.o (.rodata.gTIMER_0TimerConfig)
                  0000134c    00000010     ti_msp_dl_config.o (.rodata.gENCODER1CaptureConfig)
                  0000135c    00000010     ti_msp_dl_config.o (.rodata.gENCODER2CaptureConfig)
                  0000136c    0000000c     driverlib.a : dl_timer.o (.rodata..Lswitch.table.DL_Timer_initCompareMode)
                  00001378    0000000a     ti_msp_dl_config.o (.rodata.gBT_UARTConfig)
                  00001382    0000000a     ti_msp_dl_config.o (.rodata.gRESV1_UARTConfig)
                  0000138c    0000000a     ti_msp_dl_config.o (.rodata.gRESV2_UARTConfig)
                  00001396    0000000a     ti_msp_dl_config.o (.rodata.gSTEP1_UARTConfig)
                  000013a0    00000008     ti_msp_dl_config.o (.rodata.gTB_PWMConfig)
                  000013a8    00000003     ti_msp_dl_config.o (.rodata.gENCODER1ClockConfig)
                  000013ab    00000003     ti_msp_dl_config.o (.rodata.gENCODER2ClockConfig)
                  000013ae    00000003     ti_msp_dl_config.o (.rodata.gTB_PWMClockConfig)
                  000013b1    00000003     ti_msp_dl_config.o (.rodata.gTIMER_0ClockConfig)
                  000013b4    00000002     ti_msp_dl_config.o (.rodata.gBT_UARTClockConfig)
                  000013b6    00000002     ti_msp_dl_config.o (.rodata.gICM_I2CClockConfig)
                  000013b8    00000002     ti_msp_dl_config.o (.rodata.gRESV1_UARTClockConfig)
                  000013ba    00000002     ti_msp_dl_config.o (.rodata.gRESV2_UARTClockConfig)
                  000013bc    00000002     ti_msp_dl_config.o (.rodata.gSTEP1_UARTClockConfig)
                  000013be    00000002     ti_msp_dl_config.o (.rodata.gTRACK_I2CClockConfig)

.init_array 
*          0    00000000    00000000     UNINITIALIZED

.binit     0    00000000    00000000     

.bss       0    20200000    00000991     UNINITIALIZED
                  20200000    00000400     bt_uart.o (.bss.gBtUartRxBuffer)
                  20200400    00000200     bt_uart.o (.bss.gBtUartTxBuffer)
                  20200600    000000bc     (.common:gENCODER1Backup)
                  202006bc    000000bc     (.common:gTB_PWMBackup)
                  20200778    000000a0     (.common:gENCODER2Backup)
                  20200818    000000a0     (.common:gTIMER_0Backup)
                  202008b8    00000080     debug_uart.o (.bss.gDebugUartRxBuffer)
                  20200938    00000030     (.common:gRESV2_UARTBackup)
                  20200968    0000000d     bsp_ZDT_Servo_emm_v5.o (.bss.gLastTxFrame)
                  20200975    00000001     key.o (.bss.gCandidateMask)
                  20200976    00000002     bt_uart.o (.bss.gBtUartRxHead)
                  20200978    00000004     bsp_ZDT_Servo_emm_v5.o (.bss.gLastTxLength)
                  2020097c    00000004     encoder.o (.bss.gLeftPositionRaw)
                  20200980    00000004     encoder.o (.bss.gRightPositionRaw)
                  20200984    00000002     bt_uart.o (.bss.gBtUartRxOverflowCount)
                  20200986    00000002     bt_uart.o (.bss.gBtUartRxTail)
                  20200988    00000002     bt_uart.o (.bss.gBtUartTxHead)
                  2020098a    00000002     bt_uart.o (.bss.gBtUartTxTail)
                  2020098c    00000001     key.o (.bss.gConsecutiveSamples)
                  2020098d    00000001     debug_uart.o (.bss.gDebugUartRxHead)
                  2020098e    00000001     debug_uart.o (.bss.gDebugUartRxTail)
                  2020098f    00000001     ZDT_Servo_test.o (.bss.gNextAction)
                  20200990    00000001     key.o (.bss.gStableMask)

.stack     0    20207e00    00000200     UNINITIALIZED
                  20207e00    00000004     libc.a : boot_cortex_m.c.obj (.stack)
                  20207e04    000001fc     --HOLE--

__llvm_prf_cnts 
*          0    20200000    00000000     UNINITIALIZED

__llvm_prf_bits 
*          0    20200000    00000000     UNINITIALIZED

MODULE SUMMARY

       Module                         code   ro data   rw data
       ------                         ----   -------   -------
    .\
       ti_msp_dl_config.o             1548   124       744    
       startup_mspm0g350x_ticlang.o   6      192       0      
    +--+------------------------------+------+---------+---------+
       Total:                         1554   316       744    
                                                              
    .\app\
       ZDT_Servo_test.o               212    0         1      
       main.o                         52     0         0      
    +--+------------------------------+------+---------+---------+
       Total:                         264    0         1      
                                                              
    .\bsp\
       bt_uart.o                      380    0         1546   
       bsp_ZDT_Servo_emm_v5.o         816    0         17     
       debug_uart.o                   108    0         130    
       key.o                          168    0         3      
       encoder.o                      96     0         8      
    +--+------------------------------+------+---------+---------+
       Total:                         1568   0         1704   
                                                              
    C:/ti/mspm0_sdk_2_10_00_04/source/ti/driverlib/lib/ticlang/m0p/mspm0g1x0x_g3x0x/driverlib.a
       dl_timer.o                     892    12        0      
       dl_uart.o                      138    0         0      
       dl_i2c.o                       38     0         0      
       dl_common.o                    10     0         0      
    +--+------------------------------+------+---------+---------+
       Total:                         1078   12        0      
                                                              
    C:\ti\ccs2100\ccs\tools\compiler\ti-cgt-armllvm_5.1.1.LTS\lib\armv6m-ti-none-eabi/c/libc.a
       memset16.S.obj                 98     0         0      
       autoinit.c.obj                 60     0         0      
       boot_cortex_m.c.obj            40     0         0      
       copy_zero_init.c.obj           16     0         0      
       exit.c.obj                     6      0         0      
       pre_init.c.obj                 4      0         0      
    +--+------------------------------+------+---------+---------+
       Total:                         224    0         0      
                                                              
    C:\ti\ccs2100\ccs\tools\compiler\ti-cgt-armllvm_5.1.1.LTS\lib\armv6m-ti-none-eabi/c/libsysbm.a
       hostexit.c.obj                 4      0         0      
    +--+------------------------------+------+---------+---------+
       Total:                         4      0         0      
                                                              
    C:\ti\ccs2100\ccs\tools\compiler\ti-cgt-armllvm_5.1.1.LTS\lib\armv6m-ti-none-eabi/libclang_rt.builtins.a
       aeabi_memset.S.obj             26     0         0      
    +--+------------------------------+------+---------+---------+
       Total:                         26     0         0      
                                                              
       Stack:                         0      0         512    
       Linker Generated:              0      20        0      
    +--+------------------------------+------+---------+---------+
       Grand Total:                   4718   348       2961   


LINKER GENERATED COPY TABLES

__TI_cinit_table @ 000013cc records: 1, size/record: 8, table size: 8
	.bss: load addr=000013c0, load size=00000008 bytes, run addr=20200000, run size=00000991 bytes, compression=zero_init


LINKER GENERATED HANDLER TABLE

__TI_handler_table @ 000013c8 records: 1, size/record: 4, table size: 4
	index: 0, handler: __TI_zero_init


GLOBAL SYMBOLS: SORTED ALPHABETICALLY BY Name 

address   name                            
-------   ----                            
00000d77  ADC0_IRQHandler                 
00000d77  ADC1_IRQHandler                 
00000d77  AES_IRQHandler                  
00000875  BSP_EmmV5_QPosControl           
00000789  BSP_EmmV5_SetQPosParams         
00000a99  BSP_EmmV5_StopNow               
00000699  BSP_EmmV5_VelControl            
00001328  C$$EXIT                         
00000d77  CANFD0_IRQHandler               
00000d77  DAC0_IRQHandler                 
00001319  DL_Common_delayCycles           
00001221  DL_I2C_setClockConfig           
0000037d  DL_Timer_initCaptureMode        
00000499  DL_Timer_initFourCCPWMMode      
0000059d  DL_Timer_initTimerMode          
00001249  DL_Timer_setCaptCompUpdateMethod
000012b9  DL_Timer_setCaptureCompareOutCtl
000012f9  DL_Timer_setCaptureCompareValue 
00001265  DL_Timer_setClockConfig         
00001081  DL_UART_init                    
000012e5  DL_UART_setClockConfig          
00001139  DL_UART_transmitDataBlocking    
00000d77  DMA_IRQHandler                  
00000d77  Default_Handler                 
00000d77  GROUP0_IRQHandler               
00000d77  GROUP1_IRQHandler               
00001329  HOSTexit                        
00000d77  HardFault_Handler               
00000d77  I2C0_IRQHandler                 
00000d77  I2C1_IRQHandler                 
00001281  KEY_init                        
00000b29  KEY_scan10ms                    
00000d77  NMI_Handler                     
00000d77  PendSV_Handler                  
00000d77  RTC_IRQHandler                  
0000132d  Reset_Handler                   
00000d77  SPI0_IRQHandler                 
00000d77  SPI1_IRQHandler                 
00000d77  SVC_Handler                     
00000d79  SYSCFG_DL_BT_UART_init          
00000f9d  SYSCFG_DL_ENCODER1_init         
00000fe9  SYSCFG_DL_ENCODER2_init         
0000023d  SYSCFG_DL_GPIO_init             
00000ef9  SYSCFG_DL_ICM_I2C_init          
00000dd9  SYSCFG_DL_RESV1_UART_init       
00000e39  SYSCFG_DL_RESV2_UART_init       
00000e99  SYSCFG_DL_STEP1_UART_init       
00000f4d  SYSCFG_DL_SYSCTL_init           
00000bb5  SYSCFG_DL_TB_PWM_init           
00001035  SYSCFG_DL_TIMER_0_init          
00001169  SYSCFG_DL_TRACK_I2C_init        
00000cad  SYSCFG_DL_init                  
000009f9  SYSCFG_DL_initPower             
00000d77  SysTick_Handler                 
00001199  TIMA0_IRQHandler                
00000d77  TIMA1_IRQHandler                
00000d77  TIMG0_IRQHandler                
00000d77  TIMG12_IRQHandler               
000011c9  TIMG6_IRQHandler                
00000d77  TIMG7_IRQHandler                
00000d77  TIMG8_IRQHandler                
00000c41  UART0_IRQHandler                
00000d77  UART1_IRQHandler                
000000c1  UART2_IRQHandler                
00000d77  UART3_IRQHandler                
000012d1  ZDT_Servo_Test_init             
00000939  ZDT_Servo_Test_update10ms       
20208000  __STACK_END                     
00000200  __STACK_SIZE                    
00000000  __TI_ATRegion0_region_sz        
00000000  __TI_ATRegion0_src_addr         
00000000  __TI_ATRegion0_trg_addr         
00000000  __TI_ATRegion1_region_sz        
00000000  __TI_ATRegion1_src_addr         
00000000  __TI_ATRegion1_trg_addr         
00000000  __TI_ATRegion2_region_sz        
00000000  __TI_ATRegion2_src_addr         
00000000  __TI_ATRegion2_trg_addr         
000013cc  __TI_CINIT_Base                 
000013d4  __TI_CINIT_Limit                
000013d4  __TI_CINIT_Warm                 
000013c8  __TI_Handler_Table_Base         
000013cc  __TI_Handler_Table_Limit        
000010c9  __TI_auto_init_nobinit_nopinit  
ffffffff  __TI_pprof_out_hndl             
ffffffff  __TI_prof_data_size             
ffffffff  __TI_prof_data_start            
00000000  __TI_static_base__              
00001309  __TI_zero_init                  
000012ab  __aeabi_memclr                  
000012ab  __aeabi_memclr4                 
000012ab  __aeabi_memclr8                 
0000129d  __aeabi_memset                  
0000129d  __aeabi_memset4                 
0000129d  __aeabi_memset8                 
ffffffff  __binit__                       
UNDEFED   __mpu_init                      
20207e00  __stack                         
20200000  __start___llvm_prf_bits         
20200000  __start___llvm_prf_cnts         
20200000  __stop___llvm_prf_bits          
20200000  __stop___llvm_prf_cnts          
000011f9  _c_int00_noargs                 
UNDEFED   _system_post_cinit              
00001331  _system_pre_init                
00001323  abort                           
ffffffff  binit                           
20200600  gENCODER1Backup                 
20200778  gENCODER2Backup                 
20200938  gRESV2_UARTBackup               
202006bc  gTB_PWMBackup                   
20200818  gTIMER_0Backup                  
00000000  interruptVectors                
00001105  main                            
00000d15  memset                          


GLOBAL SYMBOLS: SORTED BY Symbol Address 

address   name                            
-------   ----                            
00000000  __TI_ATRegion0_region_sz        
00000000  __TI_ATRegion0_src_addr         
00000000  __TI_ATRegion0_trg_addr         
00000000  __TI_ATRegion1_region_sz        
00000000  __TI_ATRegion1_src_addr         
00000000  __TI_ATRegion1_trg_addr         
00000000  __TI_ATRegion2_region_sz        
00000000  __TI_ATRegion2_src_addr         
00000000  __TI_ATRegion2_trg_addr         
00000000  __TI_static_base__              
00000000  interruptVectors                
000000c1  UART2_IRQHandler                
00000200  __STACK_SIZE                    
0000023d  SYSCFG_DL_GPIO_init             
0000037d  DL_Timer_initCaptureMode        
00000499  DL_Timer_initFourCCPWMMode      
0000059d  DL_Timer_initTimerMode          
00000699  BSP_EmmV5_VelControl            
00000789  BSP_EmmV5_SetQPosParams         
00000875  BSP_EmmV5_QPosControl           
00000939  ZDT_Servo_Test_update10ms       
000009f9  SYSCFG_DL_initPower             
00000a99  BSP_EmmV5_StopNow               
00000b29  KEY_scan10ms                    
00000bb5  SYSCFG_DL_TB_PWM_init           
00000c41  UART0_IRQHandler                
00000cad  SYSCFG_DL_init                  
00000d15  memset                          
00000d77  ADC0_IRQHandler                 
00000d77  ADC1_IRQHandler                 
00000d77  AES_IRQHandler                  
00000d77  CANFD0_IRQHandler               
00000d77  DAC0_IRQHandler                 
00000d77  DMA_IRQHandler                  
00000d77  Default_Handler                 
00000d77  GROUP0_IRQHandler               
00000d77  GROUP1_IRQHandler               
00000d77  HardFault_Handler               
00000d77  I2C0_IRQHandler                 
00000d77  I2C1_IRQHandler                 
00000d77  NMI_Handler                     
00000d77  PendSV_Handler                  
00000d77  RTC_IRQHandler                  
00000d77  SPI0_IRQHandler                 
00000d77  SPI1_IRQHandler                 
00000d77  SVC_Handler                     
00000d77  SysTick_Handler                 
00000d77  TIMA1_IRQHandler                
00000d77  TIMG0_IRQHandler                
00000d77  TIMG12_IRQHandler               
00000d77  TIMG7_IRQHandler                
00000d77  TIMG8_IRQHandler                
00000d77  UART1_IRQHandler                
00000d77  UART3_IRQHandler                
00000d79  SYSCFG_DL_BT_UART_init          
00000dd9  SYSCFG_DL_RESV1_UART_init       
00000e39  SYSCFG_DL_RESV2_UART_init       
00000e99  SYSCFG_DL_STEP1_UART_init       
00000ef9  SYSCFG_DL_ICM_I2C_init          
00000f4d  SYSCFG_DL_SYSCTL_init           
00000f9d  SYSCFG_DL_ENCODER1_init         
00000fe9  SYSCFG_DL_ENCODER2_init         
00001035  SYSCFG_DL_TIMER_0_init          
00001081  DL_UART_init                    
000010c9  __TI_auto_init_nobinit_nopinit  
00001105  main                            
00001139  DL_UART_transmitDataBlocking    
00001169  SYSCFG_DL_TRACK_I2C_init        
00001199  TIMA0_IRQHandler                
000011c9  TIMG6_IRQHandler                
000011f9  _c_int00_noargs                 
00001221  DL_I2C_setClockConfig           
00001249  DL_Timer_setCaptCompUpdateMethod
00001265  DL_Timer_setClockConfig         
00001281  KEY_init                        
0000129d  __aeabi_memset                  
0000129d  __aeabi_memset4                 
0000129d  __aeabi_memset8                 
000012ab  __aeabi_memclr                  
000012ab  __aeabi_memclr4                 
000012ab  __aeabi_memclr8                 
000012b9  DL_Timer_setCaptureCompareOutCtl
000012d1  ZDT_Servo_Test_init             
000012e5  DL_UART_setClockConfig          
000012f9  DL_Timer_setCaptureCompareValue 
00001309  __TI_zero_init                  
00001319  DL_Common_delayCycles           
00001323  abort                           
00001328  C$$EXIT                         
00001329  HOSTexit                        
0000132d  Reset_Handler                   
00001331  _system_pre_init                
000013c8  __TI_Handler_Table_Base         
000013cc  __TI_CINIT_Base                 
000013cc  __TI_Handler_Table_Limit        
000013d4  __TI_CINIT_Limit                
000013d4  __TI_CINIT_Warm                 
20200000  __start___llvm_prf_bits         
20200000  __start___llvm_prf_cnts         
20200000  __stop___llvm_prf_bits          
20200000  __stop___llvm_prf_cnts          
20200600  gENCODER1Backup                 
202006bc  gTB_PWMBackup                   
20200778  gENCODER2Backup                 
20200818  gTIMER_0Backup                  
20200938  gRESV2_UARTBackup               
20207e00  __stack                         
20208000  __STACK_END                     
ffffffff  __TI_pprof_out_hndl             
ffffffff  __TI_prof_data_size             
ffffffff  __TI_prof_data_start            
ffffffff  __binit__                       
ffffffff  binit                           
UNDEFED   __mpu_init                      
UNDEFED   _system_post_cinit              

[115 symbols]
