<?xml version="1.0" encoding="ISO-8859-1" ?>
<link_info>
   <banner>TI ARM Clang Linker PC v5.1.1.LTS</banner>
   <copyright>Copyright (c) 1996-2018 Texas Instruments Incorporated</copyright>
   <command_line>C:\ti\ccs2100\ccs\tools\compiler\ti-cgt-armllvm_5.1.1.LTS\bin\tiarmlnk -IC:\ti\ccs2100\ccs\tools\compiler\ti-cgt-armllvm_5.1.1.LTS\lib -o nuedc2026_Pinconfig.out --cg_opt_level=2 -mnuedc2026_Pinconfig.map -iC:/ti/mspm0_sdk_2_10_00_04/source -iD:/MCU_Development/TI/MSPM0/nuedc2026_Pinconfig -iD:/MCU_Development/TI/MSPM0/nuedc2026_Pinconfig/Debug/syscfg -iC:/ti/ccs2100/ccs/tools/compiler/ti-cgt-armllvm_5.1.1.LTS/lib --diag_wrap=off --display_error_number --warn_sections --xml_link_info=nuedc2026_Pinconfig_linkInfo.xml --rom_model ./ti_msp_dl_config.o ./startup_mspm0g350x_ticlang.o ./app/display.o ./app/imu_diag_schedule.o ./app/main.o ./app/motor_polarity_test.o ./app/pi_tuner.o ./app/robot_state.o ./app/wheel_speed_test.o ./bsp/ano_protocol.o ./bsp/board_config.o ./bsp/bsp_iic.o ./bsp/bsp_imu.o ./bsp/bt_uart.o ./bsp/debug_uart.o ./bsp/encoder.o ./bsp/icm20948.o ./bsp/key.o ./bsp/oled.o ./bsp/oled_soft_i2c.o ./bsp/tb6612.o ./bsp/track.o ./control/angle_control.o ./control/line_follow.o ./control/wheel_speed.o -l./device_linker.cmd -ldevice.cmd.genlibs -llibc.a --start-group -llibc++.a -llibc++abi.a -llibc.a -llibsys.a -llibsysbm.a -llibclang_rt.builtins.a -llibclang_rt.profile.a --end-group</command_line>
   <link_time>0x6a61c220</link_time>
   <link_errors>0x0</link_errors>
   <output_file>D:\MCU_Development\TI\MSPM0\nuedc2026_Pinconfig\Debug\nuedc2026_Pinconfig.out</output_file>
   <entry_point>
      <name>_c_int00_noargs</name>
      <address>0x8ab9</address>
   </entry_point>
   <input_file_list>
      <input_file id="fl-1">
         <path>D:\MCU_Development\TI\MSPM0\nuedc2026_Pinconfig\Debug\.\</path>
         <kind>object</kind>
         <file>ti_msp_dl_config.o</file>
         <name>ti_msp_dl_config.o</name>
      </input_file>
      <input_file id="fl-2">
         <path>D:\MCU_Development\TI\MSPM0\nuedc2026_Pinconfig\Debug\.\</path>
         <kind>object</kind>
         <file>startup_mspm0g350x_ticlang.o</file>
         <name>startup_mspm0g350x_ticlang.o</name>
      </input_file>
      <input_file id="fl-3">
         <path>D:\MCU_Development\TI\MSPM0\nuedc2026_Pinconfig\Debug\.\app\</path>
         <kind>object</kind>
         <file>display.o</file>
         <name>display.o</name>
      </input_file>
      <input_file id="fl-4">
         <path>D:\MCU_Development\TI\MSPM0\nuedc2026_Pinconfig\Debug\.\app\</path>
         <kind>object</kind>
         <file>imu_diag_schedule.o</file>
         <name>imu_diag_schedule.o</name>
      </input_file>
      <input_file id="fl-5">
         <path>D:\MCU_Development\TI\MSPM0\nuedc2026_Pinconfig\Debug\.\app\</path>
         <kind>object</kind>
         <file>main.o</file>
         <name>main.o</name>
      </input_file>
      <input_file id="fl-6">
         <path>D:\MCU_Development\TI\MSPM0\nuedc2026_Pinconfig\Debug\.\app\</path>
         <kind>object</kind>
         <file>motor_polarity_test.o</file>
         <name>motor_polarity_test.o</name>
      </input_file>
      <input_file id="fl-7">
         <path>D:\MCU_Development\TI\MSPM0\nuedc2026_Pinconfig\Debug\.\app\</path>
         <kind>object</kind>
         <file>pi_tuner.o</file>
         <name>pi_tuner.o</name>
      </input_file>
      <input_file id="fl-8">
         <path>D:\MCU_Development\TI\MSPM0\nuedc2026_Pinconfig\Debug\.\app\</path>
         <kind>object</kind>
         <file>robot_state.o</file>
         <name>robot_state.o</name>
      </input_file>
      <input_file id="fl-9">
         <path>D:\MCU_Development\TI\MSPM0\nuedc2026_Pinconfig\Debug\.\app\</path>
         <kind>object</kind>
         <file>wheel_speed_test.o</file>
         <name>wheel_speed_test.o</name>
      </input_file>
      <input_file id="fl-a">
         <path>D:\MCU_Development\TI\MSPM0\nuedc2026_Pinconfig\Debug\.\bsp\</path>
         <kind>object</kind>
         <file>ano_protocol.o</file>
         <name>ano_protocol.o</name>
      </input_file>
      <input_file id="fl-b">
         <path>D:\MCU_Development\TI\MSPM0\nuedc2026_Pinconfig\Debug\.\bsp\</path>
         <kind>object</kind>
         <file>board_config.o</file>
         <name>board_config.o</name>
      </input_file>
      <input_file id="fl-c">
         <path>D:\MCU_Development\TI\MSPM0\nuedc2026_Pinconfig\Debug\.\bsp\</path>
         <kind>object</kind>
         <file>bsp_iic.o</file>
         <name>bsp_iic.o</name>
      </input_file>
      <input_file id="fl-d">
         <path>D:\MCU_Development\TI\MSPM0\nuedc2026_Pinconfig\Debug\.\bsp\</path>
         <kind>object</kind>
         <file>bsp_imu.o</file>
         <name>bsp_imu.o</name>
      </input_file>
      <input_file id="fl-e">
         <path>D:\MCU_Development\TI\MSPM0\nuedc2026_Pinconfig\Debug\.\bsp\</path>
         <kind>object</kind>
         <file>bt_uart.o</file>
         <name>bt_uart.o</name>
      </input_file>
      <input_file id="fl-f">
         <path>D:\MCU_Development\TI\MSPM0\nuedc2026_Pinconfig\Debug\.\bsp\</path>
         <kind>object</kind>
         <file>debug_uart.o</file>
         <name>debug_uart.o</name>
      </input_file>
      <input_file id="fl-10">
         <path>D:\MCU_Development\TI\MSPM0\nuedc2026_Pinconfig\Debug\.\bsp\</path>
         <kind>object</kind>
         <file>encoder.o</file>
         <name>encoder.o</name>
      </input_file>
      <input_file id="fl-11">
         <path>D:\MCU_Development\TI\MSPM0\nuedc2026_Pinconfig\Debug\.\bsp\</path>
         <kind>object</kind>
         <file>icm20948.o</file>
         <name>icm20948.o</name>
      </input_file>
      <input_file id="fl-12">
         <path>D:\MCU_Development\TI\MSPM0\nuedc2026_Pinconfig\Debug\.\bsp\</path>
         <kind>object</kind>
         <file>key.o</file>
         <name>key.o</name>
      </input_file>
      <input_file id="fl-13">
         <path>D:\MCU_Development\TI\MSPM0\nuedc2026_Pinconfig\Debug\.\bsp\</path>
         <kind>object</kind>
         <file>oled.o</file>
         <name>oled.o</name>
      </input_file>
      <input_file id="fl-14">
         <path>D:\MCU_Development\TI\MSPM0\nuedc2026_Pinconfig\Debug\.\bsp\</path>
         <kind>object</kind>
         <file>oled_soft_i2c.o</file>
         <name>oled_soft_i2c.o</name>
      </input_file>
      <input_file id="fl-15">
         <path>D:\MCU_Development\TI\MSPM0\nuedc2026_Pinconfig\Debug\.\bsp\</path>
         <kind>object</kind>
         <file>tb6612.o</file>
         <name>tb6612.o</name>
      </input_file>
      <input_file id="fl-16">
         <path>D:\MCU_Development\TI\MSPM0\nuedc2026_Pinconfig\Debug\.\bsp\</path>
         <kind>object</kind>
         <file>track.o</file>
         <name>track.o</name>
      </input_file>
      <input_file id="fl-17">
         <path>D:\MCU_Development\TI\MSPM0\nuedc2026_Pinconfig\Debug\.\control\</path>
         <kind>object</kind>
         <file>angle_control.o</file>
         <name>angle_control.o</name>
      </input_file>
      <input_file id="fl-18">
         <path>D:\MCU_Development\TI\MSPM0\nuedc2026_Pinconfig\Debug\.\control\</path>
         <kind>object</kind>
         <file>line_follow.o</file>
         <name>line_follow.o</name>
      </input_file>
      <input_file id="fl-19">
         <path>D:\MCU_Development\TI\MSPM0\nuedc2026_Pinconfig\Debug\.\control\</path>
         <kind>object</kind>
         <file>wheel_speed.o</file>
         <name>wheel_speed.o</name>
      </input_file>
      <input_file id="fl-26">
         <path>D:\MCU_Development\TI\MSPM0\nuedc2026_Pinconfig\Debug\</path>
         <kind>object</kind>
         <file>&lt;internal&gt;</file>
         <name>&lt;internal&gt;</name>
      </input_file>
      <input_file id="fl-27">
         <path>C:\ti\mspm0_sdk_2_10_00_04\source\ti\driverlib\lib\ticlang\m0p\mspm0g1x0x_g3x0x\</path>
         <kind>archive</kind>
         <file>driverlib.a</file>
         <name>dl_common.o</name>
      </input_file>
      <input_file id="fl-28">
         <path>C:\ti\mspm0_sdk_2_10_00_04\source\ti\driverlib\lib\ticlang\m0p\mspm0g1x0x_g3x0x\</path>
         <kind>archive</kind>
         <file>driverlib.a</file>
         <name>dl_i2c.o</name>
      </input_file>
      <input_file id="fl-29">
         <path>C:\ti\mspm0_sdk_2_10_00_04\source\ti\driverlib\lib\ticlang\m0p\mspm0g1x0x_g3x0x\</path>
         <kind>archive</kind>
         <file>driverlib.a</file>
         <name>dl_timer.o</name>
      </input_file>
      <input_file id="fl-2a">
         <path>C:\ti\mspm0_sdk_2_10_00_04\source\ti\driverlib\lib\ticlang\m0p\mspm0g1x0x_g3x0x\</path>
         <kind>archive</kind>
         <file>driverlib.a</file>
         <name>dl_uart.o</name>
      </input_file>
      <input_file id="fl-47">
         <path>C:\ti\ccs2100\ccs\tools\compiler\ti-cgt-armllvm_5.1.1.LTS\lib\armv6m-ti-none-eabi\c\</path>
         <kind>archive</kind>
         <file>libc.a</file>
         <name>e_asinf.c.obj</name>
      </input_file>
      <input_file id="fl-48">
         <path>C:\ti\ccs2100\ccs\tools\compiler\ti-cgt-armllvm_5.1.1.LTS\lib\armv6m-ti-none-eabi\c\</path>
         <kind>archive</kind>
         <file>libc.a</file>
         <name>e_atan2f.c.obj</name>
      </input_file>
      <input_file id="fl-49">
         <path>C:\ti\ccs2100\ccs\tools\compiler\ti-cgt-armllvm_5.1.1.LTS\lib\armv6m-ti-none-eabi\c\</path>
         <kind>archive</kind>
         <file>libc.a</file>
         <name>e_sqrtf.c.obj</name>
      </input_file>
      <input_file id="fl-4a">
         <path>C:\ti\ccs2100\ccs\tools\compiler\ti-cgt-armllvm_5.1.1.LTS\lib\armv6m-ti-none-eabi\c\</path>
         <kind>archive</kind>
         <file>libc.a</file>
         <name>s_atanf.c.obj</name>
      </input_file>
      <input_file id="fl-4b">
         <path>C:\ti\ccs2100\ccs\tools\compiler\ti-cgt-armllvm_5.1.1.LTS\lib\armv6m-ti-none-eabi\c\</path>
         <kind>archive</kind>
         <file>libc.a</file>
         <name>s_cosf.c.obj</name>
      </input_file>
      <input_file id="fl-4c">
         <path>C:\ti\ccs2100\ccs\tools\compiler\ti-cgt-armllvm_5.1.1.LTS\lib\armv6m-ti-none-eabi\c\</path>
         <kind>archive</kind>
         <file>libc.a</file>
         <name>s_sinf.c.obj</name>
      </input_file>
      <input_file id="fl-4d">
         <path>C:\ti\ccs2100\ccs\tools\compiler\ti-cgt-armllvm_5.1.1.LTS\lib\armv6m-ti-none-eabi\c\</path>
         <kind>archive</kind>
         <file>libc.a</file>
         <name>e_sqrt.c.obj</name>
      </input_file>
      <input_file id="fl-4e">
         <path>C:\ti\ccs2100\ccs\tools\compiler\ti-cgt-armllvm_5.1.1.LTS\lib\armv6m-ti-none-eabi\c\</path>
         <kind>archive</kind>
         <file>libc.a</file>
         <name>aeabi_portable.c.obj</name>
      </input_file>
      <input_file id="fl-4f">
         <path>C:\ti\ccs2100\ccs\tools\compiler\ti-cgt-armllvm_5.1.1.LTS\lib\armv6m-ti-none-eabi\c\</path>
         <kind>archive</kind>
         <file>libc.a</file>
         <name>k_rem_pio2.c.obj</name>
      </input_file>
      <input_file id="fl-50">
         <path>C:\ti\ccs2100\ccs\tools\compiler\ti-cgt-armllvm_5.1.1.LTS\lib\armv6m-ti-none-eabi\c\</path>
         <kind>archive</kind>
         <file>libc.a</file>
         <name>assert.c.obj</name>
      </input_file>
      <input_file id="fl-51">
         <path>C:\ti\ccs2100\ccs\tools\compiler\ti-cgt-armllvm_5.1.1.LTS\lib\armv6m-ti-none-eabi\c\</path>
         <kind>archive</kind>
         <file>libc.a</file>
         <name>defs.c.obj</name>
      </input_file>
      <input_file id="fl-52">
         <path>C:\ti\ccs2100\ccs\tools\compiler\ti-cgt-armllvm_5.1.1.LTS\lib\armv6m-ti-none-eabi\c\</path>
         <kind>archive</kind>
         <file>libc.a</file>
         <name>memory.c.obj</name>
      </input_file>
      <input_file id="fl-53">
         <path>C:\ti\ccs2100\ccs\tools\compiler\ti-cgt-armllvm_5.1.1.LTS\lib\armv6m-ti-none-eabi\c\</path>
         <kind>archive</kind>
         <file>libc.a</file>
         <name>boot_cortex_m.c.obj</name>
      </input_file>
      <input_file id="fl-54">
         <path>C:\ti\ccs2100\ccs\tools\compiler\ti-cgt-armllvm_5.1.1.LTS\lib\armv6m-ti-none-eabi\c\</path>
         <kind>archive</kind>
         <file>libc.a</file>
         <name>mathacl_init.c.obj</name>
      </input_file>
      <input_file id="fl-55">
         <path>C:\ti\ccs2100\ccs\tools\compiler\ti-cgt-armllvm_5.1.1.LTS\lib\armv6m-ti-none-eabi\c\</path>
         <kind>archive</kind>
         <file>libc.a</file>
         <name>autoinit.c.obj</name>
      </input_file>
      <input_file id="fl-56">
         <path>C:\ti\ccs2100\ccs\tools\compiler\ti-cgt-armllvm_5.1.1.LTS\lib\armv6m-ti-none-eabi\c\</path>
         <kind>archive</kind>
         <file>libc.a</file>
         <name>pre_init.c.obj</name>
      </input_file>
      <input_file id="fl-57">
         <path>C:\ti\ccs2100\ccs\tools\compiler\ti-cgt-armllvm_5.1.1.LTS\lib\armv6m-ti-none-eabi\c\</path>
         <kind>archive</kind>
         <file>libc.a</file>
         <name>cpy_tbl.c.obj</name>
      </input_file>
      <input_file id="fl-58">
         <path>C:\ti\ccs2100\ccs\tools\compiler\ti-cgt-armllvm_5.1.1.LTS\lib\armv6m-ti-none-eabi\c\</path>
         <kind>archive</kind>
         <file>libc.a</file>
         <name>copy_zero_init.c.obj</name>
      </input_file>
      <input_file id="fl-59">
         <path>C:\ti\ccs2100\ccs\tools\compiler\ti-cgt-armllvm_5.1.1.LTS\lib\armv6m-ti-none-eabi\c\</path>
         <kind>archive</kind>
         <file>libc.a</file>
         <name>copy_decompress_none.c.obj</name>
      </input_file>
      <input_file id="fl-5a">
         <path>C:\ti\ccs2100\ccs\tools\compiler\ti-cgt-armllvm_5.1.1.LTS\lib\armv6m-ti-none-eabi\c\</path>
         <kind>archive</kind>
         <file>libc.a</file>
         <name>copy_decompress_lzss.c.obj</name>
      </input_file>
      <input_file id="fl-5b">
         <path>C:\ti\ccs2100\ccs\tools\compiler\ti-cgt-armllvm_5.1.1.LTS\lib\armv6m-ti-none-eabi\c\</path>
         <kind>archive</kind>
         <file>libc.a</file>
         <name>s_floor.c.obj</name>
      </input_file>
      <input_file id="fl-5c">
         <path>C:\ti\ccs2100\ccs\tools\compiler\ti-cgt-armllvm_5.1.1.LTS\lib\armv6m-ti-none-eabi\c\</path>
         <kind>archive</kind>
         <file>libc.a</file>
         <name>s_scalbn.c.obj</name>
      </input_file>
      <input_file id="fl-5d">
         <path>C:\ti\ccs2100\ccs\tools\compiler\ti-cgt-armllvm_5.1.1.LTS\lib\armv6m-ti-none-eabi\c\</path>
         <kind>archive</kind>
         <file>libc.a</file>
         <name>sprintf.c.obj</name>
      </input_file>
      <input_file id="fl-5e">
         <path>C:\ti\ccs2100\ccs\tools\compiler\ti-cgt-armllvm_5.1.1.LTS\lib\armv6m-ti-none-eabi\c\</path>
         <kind>archive</kind>
         <file>libc.a</file>
         <name>fflush.c.obj</name>
      </input_file>
      <input_file id="fl-5f">
         <path>C:\ti\ccs2100\ccs\tools\compiler\ti-cgt-armllvm_5.1.1.LTS\lib\armv6m-ti-none-eabi\c\</path>
         <kind>archive</kind>
         <file>libc.a</file>
         <name>fputs.c.obj</name>
      </input_file>
      <input_file id="fl-60">
         <path>C:\ti\ccs2100\ccs\tools\compiler\ti-cgt-armllvm_5.1.1.LTS\lib\armv6m-ti-none-eabi\c\</path>
         <kind>archive</kind>
         <file>libc.a</file>
         <name>_io_perm.c.obj</name>
      </input_file>
      <input_file id="fl-61">
         <path>C:\ti\ccs2100\ccs\tools\compiler\ti-cgt-armllvm_5.1.1.LTS\lib\armv6m-ti-none-eabi\c\</path>
         <kind>archive</kind>
         <file>libc.a</file>
         <name>setvbuf.c.obj</name>
      </input_file>
      <input_file id="fl-62">
         <path>C:\ti\ccs2100\ccs\tools\compiler\ti-cgt-armllvm_5.1.1.LTS\lib\armv6m-ti-none-eabi\c\</path>
         <kind>archive</kind>
         <file>libc.a</file>
         <name>exit.c.obj</name>
      </input_file>
      <input_file id="fl-63">
         <path>C:\ti\ccs2100\ccs\tools\compiler\ti-cgt-armllvm_5.1.1.LTS\lib\armv6m-ti-none-eabi\c\</path>
         <kind>archive</kind>
         <file>libc.a</file>
         <name>_lock.c.obj</name>
      </input_file>
      <input_file id="fl-64">
         <path>C:\ti\ccs2100\ccs\tools\compiler\ti-cgt-armllvm_5.1.1.LTS\lib\armv6m-ti-none-eabi\c\</path>
         <kind>archive</kind>
         <file>libc.a</file>
         <name>args_main.c.obj</name>
      </input_file>
      <input_file id="fl-65">
         <path>C:\ti\ccs2100\ccs\tools\compiler\ti-cgt-armllvm_5.1.1.LTS\lib\armv6m-ti-none-eabi\c\</path>
         <kind>archive</kind>
         <file>libc.a</file>
         <name>_printfi.c.obj</name>
      </input_file>
      <input_file id="fl-66">
         <path>C:\ti\ccs2100\ccs\tools\compiler\ti-cgt-armllvm_5.1.1.LTS\lib\armv6m-ti-none-eabi\c\</path>
         <kind>archive</kind>
         <file>libc.a</file>
         <name>fopen.c.obj</name>
      </input_file>
      <input_file id="fl-67">
         <path>C:\ti\ccs2100\ccs\tools\compiler\ti-cgt-armllvm_5.1.1.LTS\lib\armv6m-ti-none-eabi\c\</path>
         <kind>archive</kind>
         <file>libc.a</file>
         <name>fseek.c.obj</name>
      </input_file>
      <input_file id="fl-68">
         <path>C:\ti\ccs2100\ccs\tools\compiler\ti-cgt-armllvm_5.1.1.LTS\lib\armv6m-ti-none-eabi\c\</path>
         <kind>archive</kind>
         <file>libc.a</file>
         <name>_ltoa.c.obj</name>
      </input_file>
      <input_file id="fl-69">
         <path>C:\ti\ccs2100\ccs\tools\compiler\ti-cgt-armllvm_5.1.1.LTS\lib\armv6m-ti-none-eabi\c\</path>
         <kind>archive</kind>
         <file>libc.a</file>
         <name>atoi.c.obj</name>
      </input_file>
      <input_file id="fl-6a">
         <path>C:\ti\ccs2100\ccs\tools\compiler\ti-cgt-armllvm_5.1.1.LTS\lib\armv6m-ti-none-eabi\c\</path>
         <kind>archive</kind>
         <file>libc.a</file>
         <name>memccpy.c.obj</name>
      </input_file>
      <input_file id="fl-6b">
         <path>C:\ti\ccs2100\ccs\tools\compiler\ti-cgt-armllvm_5.1.1.LTS\lib\armv6m-ti-none-eabi\c\</path>
         <kind>archive</kind>
         <file>libc.a</file>
         <name>s_frexp.c.obj</name>
      </input_file>
      <input_file id="fl-6c">
         <path>C:\ti\ccs2100\ccs\tools\compiler\ti-cgt-armllvm_5.1.1.LTS\lib\armv6m-ti-none-eabi\c\</path>
         <kind>archive</kind>
         <file>libc.a</file>
         <name>wcslen.c.obj</name>
      </input_file>
      <input_file id="fl-6d">
         <path>C:\ti\ccs2100\ccs\tools\compiler\ti-cgt-armllvm_5.1.1.LTS\lib\armv6m-ti-none-eabi\c\</path>
         <kind>archive</kind>
         <file>libc.a</file>
         <name>fclose.c.obj</name>
      </input_file>
      <input_file id="fl-6e">
         <path>C:\ti\ccs2100\ccs\tools\compiler\ti-cgt-armllvm_5.1.1.LTS\lib\armv6m-ti-none-eabi\c\</path>
         <kind>archive</kind>
         <file>libc.a</file>
         <name>aeabi_ctype.S.obj</name>
      </input_file>
      <input_file id="fl-162">
         <path>C:\ti\ccs2100\ccs\tools\compiler\ti-cgt-armllvm_5.1.1.LTS\lib\armv6m-ti-none-eabi\c\</path>
         <kind>archive</kind>
         <file>libsysbm.a</file>
         <name>hostexit.c.obj</name>
      </input_file>
      <input_file id="fl-163">
         <path>C:\ti\ccs2100\ccs\tools\compiler\ti-cgt-armllvm_5.1.1.LTS\lib\armv6m-ti-none-eabi\c\</path>
         <kind>archive</kind>
         <file>libsysbm.a</file>
         <name>write.c.obj</name>
      </input_file>
      <input_file id="fl-164">
         <path>C:\ti\ccs2100\ccs\tools\compiler\ti-cgt-armllvm_5.1.1.LTS\lib\armv6m-ti-none-eabi\c\</path>
         <kind>archive</kind>
         <file>libsysbm.a</file>
         <name>host_device.c.obj</name>
      </input_file>
      <input_file id="fl-165">
         <path>C:\ti\ccs2100\ccs\tools\compiler\ti-cgt-armllvm_5.1.1.LTS\lib\armv6m-ti-none-eabi\c\</path>
         <kind>archive</kind>
         <file>libsysbm.a</file>
         <name>remove.c.obj</name>
      </input_file>
      <input_file id="fl-166">
         <path>C:\ti\ccs2100\ccs\tools\compiler\ti-cgt-armllvm_5.1.1.LTS\lib\armv6m-ti-none-eabi\c\</path>
         <kind>archive</kind>
         <file>libsysbm.a</file>
         <name>open.c.obj</name>
      </input_file>
      <input_file id="fl-167">
         <path>C:\ti\ccs2100\ccs\tools\compiler\ti-cgt-armllvm_5.1.1.LTS\lib\armv6m-ti-none-eabi\c\</path>
         <kind>archive</kind>
         <file>libsysbm.a</file>
         <name>lseek.c.obj</name>
      </input_file>
      <input_file id="fl-168">
         <path>C:\ti\ccs2100\ccs\tools\compiler\ti-cgt-armllvm_5.1.1.LTS\lib\armv6m-ti-none-eabi\c\</path>
         <kind>archive</kind>
         <file>libsysbm.a</file>
         <name>close.c.obj</name>
      </input_file>
      <input_file id="fl-169">
         <path>C:\ti\ccs2100\ccs\tools\compiler\ti-cgt-armllvm_5.1.1.LTS\lib\armv6m-ti-none-eabi\c\</path>
         <kind>archive</kind>
         <file>libsysbm.a</file>
         <name>unlink.c.obj</name>
      </input_file>
      <input_file id="fl-16a">
         <path>C:\ti\ccs2100\ccs\tools\compiler\ti-cgt-armllvm_5.1.1.LTS\lib\armv6m-ti-none-eabi\c\</path>
         <kind>archive</kind>
         <file>libsysbm.a</file>
         <name>hostclose.c.obj</name>
      </input_file>
      <input_file id="fl-16b">
         <path>C:\ti\ccs2100\ccs\tools\compiler\ti-cgt-armllvm_5.1.1.LTS\lib\armv6m-ti-none-eabi\c\</path>
         <kind>archive</kind>
         <file>libsysbm.a</file>
         <name>hostlseek.c.obj</name>
      </input_file>
      <input_file id="fl-16c">
         <path>C:\ti\ccs2100\ccs\tools\compiler\ti-cgt-armllvm_5.1.1.LTS\lib\armv6m-ti-none-eabi\c\</path>
         <kind>archive</kind>
         <file>libsysbm.a</file>
         <name>hostopen.c.obj</name>
      </input_file>
      <input_file id="fl-16d">
         <path>C:\ti\ccs2100\ccs\tools\compiler\ti-cgt-armllvm_5.1.1.LTS\lib\armv6m-ti-none-eabi\c\</path>
         <kind>archive</kind>
         <file>libsysbm.a</file>
         <name>hostread.c.obj</name>
      </input_file>
      <input_file id="fl-16e">
         <path>C:\ti\ccs2100\ccs\tools\compiler\ti-cgt-armllvm_5.1.1.LTS\lib\armv6m-ti-none-eabi\c\</path>
         <kind>archive</kind>
         <file>libsysbm.a</file>
         <name>hostrename.c.obj</name>
      </input_file>
      <input_file id="fl-16f">
         <path>C:\ti\ccs2100\ccs\tools\compiler\ti-cgt-armllvm_5.1.1.LTS\lib\armv6m-ti-none-eabi\c\</path>
         <kind>archive</kind>
         <file>libsysbm.a</file>
         <name>hostunlink.c.obj</name>
      </input_file>
      <input_file id="fl-170">
         <path>C:\ti\ccs2100\ccs\tools\compiler\ti-cgt-armllvm_5.1.1.LTS\lib\armv6m-ti-none-eabi\c\</path>
         <kind>archive</kind>
         <file>libsysbm.a</file>
         <name>hostwrite.c.obj</name>
      </input_file>
      <input_file id="fl-171">
         <path>C:\ti\ccs2100\ccs\tools\compiler\ti-cgt-armllvm_5.1.1.LTS\lib\armv6m-ti-none-eabi\c\</path>
         <kind>archive</kind>
         <file>libsysbm.a</file>
         <name>trgmsg.c.obj</name>
      </input_file>
      <input_file id="fl-172">
         <path>C:\ti\ccs2100\ccs\tools\compiler\ti-cgt-armllvm_5.1.1.LTS\lib\armv6m-ti-none-eabi\</path>
         <kind>archive</kind>
         <file>libclang_rt.builtins.a</file>
         <name>comparesf2.S.obj</name>
      </input_file>
      <input_file id="fl-173">
         <path>C:\ti\ccs2100\ccs\tools\compiler\ti-cgt-armllvm_5.1.1.LTS\lib\armv6m-ti-none-eabi\</path>
         <kind>archive</kind>
         <file>libclang_rt.builtins.a</file>
         <name>addsf3.S.obj</name>
      </input_file>
      <input_file id="fl-174">
         <path>C:\ti\ccs2100\ccs\tools\compiler\ti-cgt-armllvm_5.1.1.LTS\lib\armv6m-ti-none-eabi\</path>
         <kind>archive</kind>
         <file>libclang_rt.builtins.a</file>
         <name>adddf3.S.obj</name>
      </input_file>
      <input_file id="fl-175">
         <path>C:\ti\ccs2100\ccs\tools\compiler\ti-cgt-armllvm_5.1.1.LTS\lib\armv6m-ti-none-eabi\</path>
         <kind>archive</kind>
         <file>libclang_rt.builtins.a</file>
         <name>mulsf3.S.obj</name>
      </input_file>
      <input_file id="fl-176">
         <path>C:\ti\ccs2100\ccs\tools\compiler\ti-cgt-armllvm_5.1.1.LTS\lib\armv6m-ti-none-eabi\</path>
         <kind>archive</kind>
         <file>libclang_rt.builtins.a</file>
         <name>divsf3.S.obj</name>
      </input_file>
      <input_file id="fl-177">
         <path>C:\ti\ccs2100\ccs\tools\compiler\ti-cgt-armllvm_5.1.1.LTS\lib\armv6m-ti-none-eabi\</path>
         <kind>archive</kind>
         <file>libclang_rt.builtins.a</file>
         <name>extendsfdf2.S.obj</name>
      </input_file>
      <input_file id="fl-178">
         <path>C:\ti\ccs2100\ccs\tools\compiler\ti-cgt-armllvm_5.1.1.LTS\lib\armv6m-ti-none-eabi\</path>
         <kind>archive</kind>
         <file>libclang_rt.builtins.a</file>
         <name>fixdfsi.S.obj</name>
      </input_file>
      <input_file id="fl-179">
         <path>C:\ti\ccs2100\ccs\tools\compiler\ti-cgt-armllvm_5.1.1.LTS\lib\armv6m-ti-none-eabi\</path>
         <kind>archive</kind>
         <file>libclang_rt.builtins.a</file>
         <name>fixsfsi.S.obj</name>
      </input_file>
      <input_file id="fl-17a">
         <path>C:\ti\ccs2100\ccs\tools\compiler\ti-cgt-armllvm_5.1.1.LTS\lib\armv6m-ti-none-eabi\</path>
         <kind>archive</kind>
         <file>libclang_rt.builtins.a</file>
         <name>floatsidf.S.obj</name>
      </input_file>
      <input_file id="fl-17b">
         <path>C:\ti\ccs2100\ccs\tools\compiler\ti-cgt-armllvm_5.1.1.LTS\lib\armv6m-ti-none-eabi\</path>
         <kind>archive</kind>
         <file>libclang_rt.builtins.a</file>
         <name>floatsisf.S.obj</name>
      </input_file>
      <input_file id="fl-17c">
         <path>C:\ti\ccs2100\ccs\tools\compiler\ti-cgt-armllvm_5.1.1.LTS\lib\armv6m-ti-none-eabi\</path>
         <kind>archive</kind>
         <file>libclang_rt.builtins.a</file>
         <name>floatunsisf.S.obj</name>
      </input_file>
      <input_file id="fl-17d">
         <path>C:\ti\ccs2100\ccs\tools\compiler\ti-cgt-armllvm_5.1.1.LTS\lib\armv6m-ti-none-eabi\</path>
         <kind>archive</kind>
         <file>libclang_rt.builtins.a</file>
         <name>muldi3.S.obj</name>
      </input_file>
      <input_file id="fl-17e">
         <path>C:\ti\ccs2100\ccs\tools\compiler\ti-cgt-armllvm_5.1.1.LTS\lib\armv6m-ti-none-eabi\</path>
         <kind>archive</kind>
         <file>libclang_rt.builtins.a</file>
         <name>truncdfsf2.S.obj</name>
      </input_file>
      <input_file id="fl-17f">
         <path>C:\ti\ccs2100\ccs\tools\compiler\ti-cgt-armllvm_5.1.1.LTS\lib\armv6m-ti-none-eabi\</path>
         <kind>archive</kind>
         <file>libclang_rt.builtins.a</file>
         <name>comparedf2.c.obj</name>
      </input_file>
      <input_file id="fl-180">
         <path>C:\ti\ccs2100\ccs\tools\compiler\ti-cgt-armllvm_5.1.1.LTS\lib\armv6m-ti-none-eabi\</path>
         <kind>archive</kind>
         <file>libclang_rt.builtins.a</file>
         <name>aeabi_dcmp.S.obj</name>
      </input_file>
      <input_file id="fl-181">
         <path>C:\ti\ccs2100\ccs\tools\compiler\ti-cgt-armllvm_5.1.1.LTS\lib\armv6m-ti-none-eabi\</path>
         <kind>archive</kind>
         <file>libclang_rt.builtins.a</file>
         <name>aeabi_ddiv.c.obj</name>
      </input_file>
      <input_file id="fl-182">
         <path>C:\ti\ccs2100\ccs\tools\compiler\ti-cgt-armllvm_5.1.1.LTS\lib\armv6m-ti-none-eabi\</path>
         <kind>archive</kind>
         <file>libclang_rt.builtins.a</file>
         <name>aeabi_dmul.c.obj</name>
      </input_file>
      <input_file id="fl-183">
         <path>C:\ti\ccs2100\ccs\tools\compiler\ti-cgt-armllvm_5.1.1.LTS\lib\armv6m-ti-none-eabi\</path>
         <kind>archive</kind>
         <file>libclang_rt.builtins.a</file>
         <name>aeabi_fcmp.S.obj</name>
      </input_file>
      <input_file id="fl-184">
         <path>C:\ti\ccs2100\ccs\tools\compiler\ti-cgt-armllvm_5.1.1.LTS\lib\armv6m-ti-none-eabi\</path>
         <kind>archive</kind>
         <file>libclang_rt.builtins.a</file>
         <name>aeabi_idivmod.S.obj</name>
      </input_file>
      <input_file id="fl-185">
         <path>C:\ti\ccs2100\ccs\tools\compiler\ti-cgt-armllvm_5.1.1.LTS\lib\armv6m-ti-none-eabi\</path>
         <kind>archive</kind>
         <file>libclang_rt.builtins.a</file>
         <name>aeabi_uidivmod.S.obj</name>
      </input_file>
      <input_file id="fl-186">
         <path>C:\ti\ccs2100\ccs\tools\compiler\ti-cgt-armllvm_5.1.1.LTS\lib\armv6m-ti-none-eabi\</path>
         <kind>archive</kind>
         <file>libclang_rt.builtins.a</file>
         <name>aeabi_uldivmod.S.obj</name>
      </input_file>
      <input_file id="fl-187">
         <path>C:\ti\ccs2100\ccs\tools\compiler\ti-cgt-armllvm_5.1.1.LTS\lib\armv6m-ti-none-eabi\</path>
         <kind>archive</kind>
         <file>libclang_rt.builtins.a</file>
         <name>aeabi_memcpy.S.obj</name>
      </input_file>
      <input_file id="fl-188">
         <path>C:\ti\ccs2100\ccs\tools\compiler\ti-cgt-armllvm_5.1.1.LTS\lib\armv6m-ti-none-eabi\</path>
         <kind>archive</kind>
         <file>libclang_rt.builtins.a</file>
         <name>aeabi_memset.S.obj</name>
      </input_file>
      <input_file id="fl-189">
         <path>C:\ti\ccs2100\ccs\tools\compiler\ti-cgt-armllvm_5.1.1.LTS\lib\armv6m-ti-none-eabi\</path>
         <kind>archive</kind>
         <file>libclang_rt.builtins.a</file>
         <name>udivmoddi4.S.obj</name>
      </input_file>
      <input_file id="fl-18a">
         <path>C:\ti\ccs2100\ccs\tools\compiler\ti-cgt-armllvm_5.1.1.LTS\lib\armv6m-ti-none-eabi\</path>
         <kind>archive</kind>
         <file>libclang_rt.builtins.a</file>
         <name>muldf3.S.obj</name>
      </input_file>
      <input_file id="fl-18b">
         <path>C:\ti\ccs2100\ccs\tools\compiler\ti-cgt-armllvm_5.1.1.LTS\lib\armv6m-ti-none-eabi\</path>
         <kind>archive</kind>
         <file>libclang_rt.builtins.a</file>
         <name>muldsi3.S.obj</name>
      </input_file>
      <input_file id="fl-18c">
         <path>C:\ti\ccs2100\ccs\tools\compiler\ti-cgt-armllvm_5.1.1.LTS\lib\armv6m-ti-none-eabi\</path>
         <kind>archive</kind>
         <file>libclang_rt.builtins.a</file>
         <name>ashldi3.S.obj</name>
      </input_file>
      <input_file id="fl-18d">
         <path>C:\ti\ccs2100\ccs\tools\compiler\ti-cgt-armllvm_5.1.1.LTS\lib\armv6m-ti-none-eabi\</path>
         <kind>archive</kind>
         <file>libclang_rt.builtins.a</file>
         <name>divdf3.S.obj</name>
      </input_file>
      <input_file id="fl-18e">
         <path>C:\ti\ccs2100\ccs\tools\compiler\ti-cgt-armllvm_5.1.1.LTS\lib\armv6m-ti-none-eabi\</path>
         <kind>archive</kind>
         <file>libclang_rt.builtins.a</file>
         <name>aeabi_div0.c.obj</name>
      </input_file>
      <input_file id="fl-18f">
         <path>C:\ti\ccs2100\ccs\tools\compiler\ti-cgt-armllvm_5.1.1.LTS\lib\armv6m-ti-none-eabi\c\</path>
         <kind>archive</kind>
         <file>libc.a</file>
         <name>divdf3_fast.c.obj</name>
      </input_file>
      <input_file id="fl-190">
         <path>C:\ti\ccs2100\ccs\tools\compiler\ti-cgt-armllvm_5.1.1.LTS\lib\armv6m-ti-none-eabi\c\</path>
         <kind>archive</kind>
         <file>libc.a</file>
         <name>muldf3_fast.c.obj</name>
      </input_file>
      <input_file id="fl-191">
         <path>C:\ti\ccs2100\ccs\tools\compiler\ti-cgt-armllvm_5.1.1.LTS\lib\armv6m-ti-none-eabi\c\</path>
         <kind>archive</kind>
         <file>libc.a</file>
         <name>getdevice.c.obj</name>
      </input_file>
      <input_file id="fl-192">
         <path>C:\ti\ccs2100\ccs\tools\compiler\ti-cgt-armllvm_5.1.1.LTS\lib\armv6m-ti-none-eabi\c\</path>
         <kind>archive</kind>
         <file>libc.a</file>
         <name>memcpy16.S.obj</name>
      </input_file>
      <input_file id="fl-193">
         <path>C:\ti\ccs2100\ccs\tools\compiler\ti-cgt-armllvm_5.1.1.LTS\lib\armv6m-ti-none-eabi\c\</path>
         <kind>archive</kind>
         <file>libc.a</file>
         <name>memset16.S.obj</name>
      </input_file>
      <input_file id="fl-194">
         <path>C:\ti\ccs2100\ccs\tools\compiler\ti-cgt-armllvm_5.1.1.LTS\lib\armv6m-ti-none-eabi\c\</path>
         <kind>archive</kind>
         <file>libc.a</file>
         <name>strcmp-armv6m.S.obj</name>
      </input_file>
   </input_file_list>
   <object_component_list>
      <object_component id="oc-18">
         <name>.intvecs</name>
         <load_address>0x0</load_address>
         <readonly>true</readonly>
         <run_address>0x0</run_address>
         <size>0xc0</size>
         <alignment>0x4</alignment>
         <input_file_ref idref="fl-2"/>
      </object_component>
      <object_component id="oc-155">
         <name>.text.piTunerFinishBtPacket</name>
         <load_address>0xc0</load_address>
         <readonly>true</readonly>
         <executable>true</executable>
         <run_address>0xc0</run_address>
         <size>0x7a0</size>
         <alignment>0x4</alignment>
         <input_file_ref idref="fl-7"/>
      </object_component>
      <object_component id="oc-c1">
         <name>.text.PI_TUNER_pollUart</name>
         <load_address>0x860</load_address>
         <readonly>true</readonly>
         <executable>true</executable>
         <run_address>0x860</run_address>
         <size>0x6a4</size>
         <alignment>0x4</alignment>
         <input_file_ref idref="fl-7"/>
      </object_component>
      <object_component id="oc-2f5">
         <name>.text.__kernel_rem_pio2</name>
         <load_address>0xf04</load_address>
         <readonly>true</readonly>
         <executable>true</executable>
         <run_address>0xf04</run_address>
         <size>0x678</size>
         <alignment>0x4</alignment>
         <input_file_ref idref="fl-4f"/>
      </object_component>
      <object_component id="oc-299">
         <name>.text.imu_update_attitude</name>
         <load_address>0x157c</load_address>
         <readonly>true</readonly>
         <executable>true</executable>
         <run_address>0x157c</run_address>
         <size>0x5ec</size>
         <alignment>0x4</alignment>
         <input_file_ref idref="fl-d"/>
      </object_component>
      <object_component id="oc-19b">
         <name>.text.piTunerServiceDebugMode</name>
         <load_address>0x1b68</load_address>
         <readonly>true</readonly>
         <executable>true</executable>
         <run_address>0x1b68</run_address>
         <size>0x468</size>
         <alignment>0x4</alignment>
         <input_file_ref idref="fl-7"/>
      </object_component>
      <object_component id="oc-b8">
         <name>.text.OLED_Init</name>
         <load_address>0x1fd0</load_address>
         <readonly>true</readonly>
         <executable>true</executable>
         <run_address>0x1fd0</run_address>
         <size>0x43e</size>
         <alignment>0x4</alignment>
         <input_file_ref idref="fl-13"/>
      </object_component>
      <object_component id="oc-33">
         <name>.text.Default_Handler</name>
         <load_address>0x240e</load_address>
         <readonly>true</readonly>
         <executable>true</executable>
         <run_address>0x240e</run_address>
         <size>0x2</size>
         <alignment>0x2</alignment>
         <input_file_ref idref="fl-2"/>
      </object_component>
      <object_component id="oc-268">
         <name>.text.mpu_init</name>
         <load_address>0x2410</load_address>
         <readonly>true</readonly>
         <executable>true</executable>
         <run_address>0x2410</run_address>
         <size>0x420</size>
         <alignment>0x4</alignment>
         <input_file_ref idref="fl-d"/>
      </object_component>
      <object_component id="oc-236">
         <name>.text.BT_UART_writeUInt32</name>
         <load_address>0x2830</load_address>
         <readonly>true</readonly>
         <executable>true</executable>
         <run_address>0x2830</run_address>
         <size>0x388</size>
         <alignment>0x4</alignment>
         <input_file_ref idref="fl-e"/>
      </object_component>
      <object_component id="oc-26e">
         <name>.text.icm_init</name>
         <load_address>0x2bb8</load_address>
         <readonly>true</readonly>
         <executable>true</executable>
         <run_address>0x2bb8</run_address>
         <size>0x358</size>
         <alignment>0x4</alignment>
         <input_file_ref idref="fl-d"/>
      </object_component>
      <object_component id="oc-19a">
         <name>.text.BT_UART_writeSignedFixed3</name>
         <load_address>0x2f10</load_address>
         <readonly>true</readonly>
         <executable>true</executable>
         <run_address>0x2f10</run_address>
         <size>0x314</size>
         <alignment>0x4</alignment>
         <input_file_ref idref="fl-e"/>
      </object_component>
      <object_component id="oc-23e">
         <name>.text.ANO_sendEulerFrame</name>
         <load_address>0x3224</load_address>
         <readonly>true</readonly>
         <executable>true</executable>
         <run_address>0x3224</run_address>
         <size>0x228</size>
         <alignment>0x4</alignment>
         <input_file_ref idref="fl-a"/>
      </object_component>
      <object_component id="oc-22f">
         <name>.text.mpu_read_motion</name>
         <load_address>0x344c</load_address>
         <readonly>true</readonly>
         <executable>true</executable>
         <run_address>0x344c</run_address>
         <size>0x228</size>
         <alignment>0x4</alignment>
         <input_file_ref idref="fl-d"/>
      </object_component>
      <object_component id="oc-c0">
         <name>.text.displayBeginRightWheelRefresh</name>
         <load_address>0x3674</load_address>
         <readonly>true</readonly>
         <executable>true</executable>
         <run_address>0x3674</run_address>
         <size>0x200</size>
         <alignment>0x4</alignment>
         <input_file_ref idref="fl-5"/>
      </object_component>
      <object_component id="oc-230">
         <name>.text.icm_read_motion</name>
         <load_address>0x3874</load_address>
         <readonly>true</readonly>
         <executable>true</executable>
         <run_address>0x3874</run_address>
         <size>0x1fc</size>
         <alignment>0x4</alignment>
         <input_file_ref idref="fl-d"/>
      </object_component>
      <object_component id="oc-34b">
         <name>.text.__muldf3_fast</name>
         <load_address>0x3a70</load_address>
         <readonly>true</readonly>
         <executable>true</executable>
         <run_address>0x3a70</run_address>
         <size>0x1d8</size>
         <alignment>0x4</alignment>
         <input_file_ref idref="fl-190"/>
      </object_component>
      <object_component id="oc-2ba">
         <name>.text.cosf</name>
         <load_address>0x3c48</load_address>
         <readonly>true</readonly>
         <executable>true</executable>
         <run_address>0x3c48</run_address>
         <size>0x1d8</size>
         <alignment>0x4</alignment>
         <input_file_ref idref="fl-4b"/>
      </object_component>
      <object_component id="oc-c2">
         <name>.text.PI_TUNER_update10ms</name>
         <load_address>0x3e20</load_address>
         <readonly>true</readonly>
         <executable>true</executable>
         <run_address>0x3e20</run_address>
         <size>0x1d0</size>
         <alignment>0x4</alignment>
         <input_file_ref idref="fl-7"/>
      </object_component>
      <object_component id="oc-2c0">
         <name>.text.sinf</name>
         <load_address>0x3ff0</load_address>
         <readonly>true</readonly>
         <executable>true</executable>
         <run_address>0x3ff0</run_address>
         <size>0x1cc</size>
         <alignment>0x4</alignment>
         <input_file_ref idref="fl-4c"/>
      </object_component>
      <object_component id="oc-2dd">
         <name>.text.atanf</name>
         <load_address>0x41bc</load_address>
         <readonly>true</readonly>
         <executable>true</executable>
         <run_address>0x41bc</run_address>
         <size>0x1c8</size>
         <alignment>0x4</alignment>
         <input_file_ref idref="fl-4a"/>
      </object_component>
      <object_component id="oc-1fa">
         <name>.text.piTunerParsePrefixedValue</name>
         <load_address>0x4384</load_address>
         <readonly>true</readonly>
         <executable>true</executable>
         <run_address>0x4384</run_address>
         <size>0x1c0</size>
         <alignment>0x4</alignment>
         <input_file_ref idref="fl-7"/>
      </object_component>
      <object_component id="oc-147">
         <name>.text.OLED_I2C_SendByte</name>
         <load_address>0x4544</load_address>
         <readonly>true</readonly>
         <executable>true</executable>
         <run_address>0x4544</run_address>
         <size>0x1a8</size>
         <alignment>0x4</alignment>
         <input_file_ref idref="fl-14"/>
      </object_component>
      <object_component id="oc-22d">
         <name>.text.wheelSpeedUpdatePi</name>
         <load_address>0x46ec</load_address>
         <readonly>true</readonly>
         <executable>true</executable>
         <run_address>0x46ec</run_address>
         <size>0x1a0</size>
         <alignment>0x4</alignment>
         <input_file_ref idref="fl-19"/>
      </object_component>
      <object_component id="oc-2e7">
         <name>.text</name>
         <load_address>0x488c</load_address>
         <readonly>true</readonly>
         <executable>true</executable>
         <run_address>0x488c</run_address>
         <size>0x192</size>
         <alignment>0x4</alignment>
         <input_file_ref idref="fl-174"/>
      </object_component>
      <object_component id="oc-1f3">
         <name>.text.__aeabi_idiv0</name>
         <load_address>0x4a1e</load_address>
         <readonly>true</readonly>
         <executable>true</executable>
         <run_address>0x4a1e</run_address>
         <size>0x2</size>
         <alignment>0x2</alignment>
         <input_file_ref idref="fl-18e"/>
      </object_component>
      <object_component id="oc-22c">
         <name>.text.lineFollowRunPid</name>
         <load_address>0x4a20</load_address>
         <readonly>true</readonly>
         <executable>true</executable>
         <run_address>0x4a20</run_address>
         <size>0x180</size>
         <alignment>0x4</alignment>
         <input_file_ref idref="fl-18"/>
      </object_component>
      <object_component id="oc-34">
         <name>.text.UART2_IRQHandler</name>
         <load_address>0x4ba0</load_address>
         <readonly>true</readonly>
         <executable>true</executable>
         <run_address>0x4ba0</run_address>
         <size>0x17c</size>
         <alignment>0x4</alignment>
         <input_file_ref idref="fl-e"/>
      </object_component>
      <object_component id="oc-30a">
         <name>.text.sqrt</name>
         <load_address>0x4d1c</load_address>
         <readonly>true</readonly>
         <executable>true</executable>
         <run_address>0x4d1c</run_address>
         <size>0x174</size>
         <alignment>0x4</alignment>
         <input_file_ref idref="fl-4d"/>
      </object_component>
      <object_component id="oc-27f">
         <name>.text.imu_apply_lpf</name>
         <load_address>0x4e90</load_address>
         <readonly>true</readonly>
         <executable>true</executable>
         <run_address>0x4e90</run_address>
         <size>0x164</size>
         <alignment>0x4</alignment>
         <input_file_ref idref="fl-d"/>
      </object_component>
      <object_component id="oc-2c7">
         <name>.text.asinf</name>
         <load_address>0x4ff4</load_address>
         <readonly>true</readonly>
         <executable>true</executable>
         <run_address>0x4ff4</run_address>
         <size>0x160</size>
         <alignment>0x4</alignment>
         <input_file_ref idref="fl-47"/>
      </object_component>
      <object_component id="oc-207">
         <name>.text.DEBUG_UART_writeSignedFixed3</name>
         <load_address>0x5154</load_address>
         <readonly>true</readonly>
         <executable>true</executable>
         <run_address>0x5154</run_address>
         <size>0x154</size>
         <alignment>0x4</alignment>
         <input_file_ref idref="fl-f"/>
      </object_component>
      <object_component id="oc-17d">
         <name>.text.LINE_FOLLOW_update10ms</name>
         <load_address>0x52a8</load_address>
         <readonly>true</readonly>
         <executable>true</executable>
         <run_address>0x52a8</run_address>
         <size>0x150</size>
         <alignment>0x4</alignment>
         <input_file_ref idref="fl-18"/>
      </object_component>
      <object_component id="oc-91">
         <name>.text.main</name>
         <load_address>0x53f8</load_address>
         <readonly>true</readonly>
         <executable>true</executable>
         <run_address>0x53f8</run_address>
         <size>0x14c</size>
         <alignment>0x4</alignment>
         <input_file_ref idref="fl-5"/>
      </object_component>
      <object_component id="oc-334">
         <name>.text.floor</name>
         <load_address>0x5544</load_address>
         <readonly>true</readonly>
         <executable>true</executable>
         <run_address>0x5544</run_address>
         <size>0x148</size>
         <alignment>0x4</alignment>
         <input_file_ref idref="fl-5b"/>
      </object_component>
      <object_component id="oc-ef">
         <name>.text.SYSCFG_DL_GPIO_init</name>
         <load_address>0x568c</load_address>
         <readonly>true</readonly>
         <executable>true</executable>
         <run_address>0x568c</run_address>
         <size>0x140</size>
         <alignment>0x4</alignment>
         <input_file_ref idref="fl-1"/>
      </object_component>
      <object_component id="oc-2d4">
         <name>.text.iic_start_rx_budget</name>
         <load_address>0x57cc</load_address>
         <readonly>true</readonly>
         <executable>true</executable>
         <run_address>0x57cc</run_address>
         <size>0x13c</size>
         <alignment>0x4</alignment>
         <input_file_ref idref="fl-c"/>
      </object_component>
      <object_component id="oc-154">
         <name>.text.piTunerHandleCommand</name>
         <load_address>0x5908</load_address>
         <readonly>true</readonly>
         <executable>true</executable>
         <run_address>0x5908</run_address>
         <size>0x130</size>
         <alignment>0x4</alignment>
         <input_file_ref idref="fl-7"/>
      </object_component>
      <object_component id="oc-1bb">
         <name>.text.DL_Timer_initCaptureMode</name>
         <load_address>0x5a38</load_address>
         <readonly>true</readonly>
         <executable>true</executable>
         <run_address>0x5a38</run_address>
         <size>0x11c</size>
         <alignment>0x4</alignment>
         <input_file_ref idref="fl-29"/>
      </object_component>
      <object_component id="oc-b2">
         <name>.text.PI_TUNER_init</name>
         <load_address>0x5b54</load_address>
         <readonly>true</readonly>
         <executable>true</executable>
         <run_address>0x5b54</run_address>
         <size>0x11c</size>
         <alignment>0x4</alignment>
         <input_file_ref idref="fl-7"/>
      </object_component>
      <object_component id="oc-2b6">
         <name>.text.atan2f</name>
         <load_address>0x5c70</load_address>
         <readonly>true</readonly>
         <executable>true</executable>
         <run_address>0x5c70</run_address>
         <size>0x118</size>
         <alignment>0x4</alignment>
         <input_file_ref idref="fl-48"/>
      </object_component>
      <object_component id="oc-157">
         <name>.text.piTunerHandleDebugDigitCommand</name>
         <load_address>0x5d88</load_address>
         <readonly>true</readonly>
         <executable>true</executable>
         <run_address>0x5d88</run_address>
         <size>0x10c</size>
         <alignment>0x4</alignment>
         <input_file_ref idref="fl-7"/>
      </object_component>
      <object_component id="oc-265">
         <name>.text.DISPLAY_reportPidDecoded</name>
         <load_address>0x5e94</load_address>
         <readonly>true</readonly>
         <executable>true</executable>
         <run_address>0x5e94</run_address>
         <size>0x108</size>
         <alignment>0x4</alignment>
         <input_file_ref idref="fl-3"/>
      </object_component>
      <object_component id="oc-1b5">
         <name>.text.DL_Timer_initFourCCPWMMode</name>
         <load_address>0x5f9c</load_address>
         <readonly>true</readonly>
         <executable>true</executable>
         <run_address>0x5f9c</run_address>
         <size>0x104</size>
         <alignment>0x4</alignment>
         <input_file_ref idref="fl-29"/>
      </object_component>
      <object_component id="oc-2d3">
         <name>.text.iic_start_tx_budget</name>
         <load_address>0x60a0</load_address>
         <readonly>true</readonly>
         <executable>true</executable>
         <run_address>0x60a0</run_address>
         <size>0x104</size>
         <alignment>0x4</alignment>
         <input_file_ref idref="fl-c"/>
      </object_component>
      <object_component id="oc-af">
         <name>.text.BT_UART_initRxInterrupt</name>
         <load_address>0x61a4</load_address>
         <readonly>true</readonly>
         <executable>true</executable>
         <run_address>0x61a4</run_address>
         <size>0x100</size>
         <alignment>0x4</alignment>
         <input_file_ref idref="fl-e"/>
      </object_component>
      <object_component id="oc-1c0">
         <name>.text.DL_Timer_initTimerMode</name>
         <load_address>0x62a4</load_address>
         <readonly>true</readonly>
         <executable>true</executable>
         <run_address>0x62a4</run_address>
         <size>0xfc</size>
         <alignment>0x4</alignment>
         <input_file_ref idref="fl-29"/>
      </object_component>
      <object_component id="oc-267">
         <name>.text.DISPLAY_reportPidApplied</name>
         <load_address>0x63a0</load_address>
         <readonly>true</readonly>
         <executable>true</executable>
         <run_address>0x63a0</run_address>
         <size>0xf4</size>
         <alignment>0x4</alignment>
         <input_file_ref idref="fl-3"/>
      </object_component>
      <object_component id="oc-22e">
         <name>.text.TB6612_setMotor</name>
         <load_address>0x6494</load_address>
         <readonly>true</readonly>
         <executable>true</executable>
         <run_address>0x6494</run_address>
         <size>0xe8</size>
         <alignment>0x4</alignment>
         <input_file_ref idref="fl-15"/>
      </object_component>
      <object_component id="oc-bf">
         <name>.text.OLED_ShowChar</name>
         <load_address>0x657c</load_address>
         <readonly>true</readonly>
         <executable>true</executable>
         <run_address>0x657c</run_address>
         <size>0xdc</size>
         <alignment>0x4</alignment>
         <input_file_ref idref="fl-13"/>
      </object_component>
      <object_component id="oc-330">
         <name>.text.scalbn</name>
         <load_address>0x6658</load_address>
         <readonly>true</readonly>
         <executable>true</executable>
         <run_address>0x6658</run_address>
         <size>0xdc</size>
         <alignment>0x4</alignment>
         <input_file_ref idref="fl-5c"/>
      </object_component>
      <object_component id="oc-192">
         <name>.text</name>
         <load_address>0x6734</load_address>
         <readonly>true</readonly>
         <executable>true</executable>
         <run_address>0x6734</run_address>
         <size>0xd8</size>
         <alignment>0x4</alignment>
         <input_file_ref idref="fl-173"/>
      </object_component>
      <object_component id="oc-206">
         <name>.text.DEBUG_UART_writeInt32</name>
         <load_address>0x680c</load_address>
         <readonly>true</readonly>
         <executable>true</executable>
         <run_address>0x680c</run_address>
         <size>0xd4</size>
         <alignment>0x4</alignment>
         <input_file_ref idref="fl-f"/>
      </object_component>
      <object_component id="oc-14e">
         <name>.text.WHEEL_SPEED_getDiagnostics</name>
         <load_address>0x68e0</load_address>
         <readonly>true</readonly>
         <executable>true</executable>
         <run_address>0x68e0</run_address>
         <size>0xd4</size>
         <alignment>0x4</alignment>
         <input_file_ref idref="fl-19"/>
      </object_component>
      <object_component id="oc-18c">
         <name>.text.BT_UART_writeString</name>
         <load_address>0x69b4</load_address>
         <readonly>true</readonly>
         <executable>true</executable>
         <run_address>0x69b4</run_address>
         <size>0xd0</size>
         <alignment>0x4</alignment>
         <input_file_ref idref="fl-e"/>
      </object_component>
      <object_component id="oc-18b">
         <name>.text.BT_UART_writeInt32</name>
         <load_address>0x6a84</load_address>
         <readonly>true</readonly>
         <executable>true</executable>
         <run_address>0x6a84</run_address>
         <size>0xc8</size>
         <alignment>0x4</alignment>
         <input_file_ref idref="fl-e"/>
      </object_component>
      <object_component id="oc-204">
         <name>.text.LINE_FOLLOW_setPid</name>
         <load_address>0x6b4c</load_address>
         <readonly>true</readonly>
         <executable>true</executable>
         <run_address>0x6b4c</run_address>
         <size>0xc8</size>
         <alignment>0x4</alignment>
         <input_file_ref idref="fl-18"/>
      </object_component>
      <object_component id="oc-205">
         <name>.text.DEBUG_UART_writeUInt32</name>
         <load_address>0x6c14</load_address>
         <readonly>true</readonly>
         <executable>true</executable>
         <run_address>0x6c14</run_address>
         <size>0xc0</size>
         <alignment>0x4</alignment>
         <input_file_ref idref="fl-f"/>
      </object_component>
      <object_component id="oc-18d">
         <name>.text.BT_UART_writeByte</name>
         <load_address>0x6cd4</load_address>
         <readonly>true</readonly>
         <executable>true</executable>
         <run_address>0x6cd4</run_address>
         <size>0xb4</size>
         <alignment>0x4</alignment>
         <input_file_ref idref="fl-e"/>
      </object_component>
      <object_component id="oc-2b2">
         <name>.text.sqrtf</name>
         <load_address>0x6d88</load_address>
         <readonly>true</readonly>
         <executable>true</executable>
         <run_address>0x6d88</run_address>
         <size>0xb4</size>
         <alignment>0x4</alignment>
         <input_file_ref idref="fl-49"/>
      </object_component>
      <object_component id="oc-2fc">
         <name>.text.__kernel_sindf</name>
         <load_address>0x6e3c</load_address>
         <readonly>true</readonly>
         <executable>true</executable>
         <run_address>0x6e3c</run_address>
         <size>0xac</size>
         <alignment>0x4</alignment>
         <input_file_ref idref="fl-4b"/>
      </object_component>
      <object_component id="oc-302">
         <name>.text.__kernel_sindf</name>
         <load_address>0x6ee8</load_address>
         <readonly>true</readonly>
         <executable>true</executable>
         <run_address>0x6ee8</run_address>
         <size>0xac</size>
         <alignment>0x4</alignment>
         <input_file_ref idref="fl-4c"/>
      </object_component>
      <object_component id="oc-26f">
         <name>.text.icm_deinit</name>
         <load_address>0x6f94</load_address>
         <readonly>true</readonly>
         <executable>true</executable>
         <run_address>0x6f94</run_address>
         <size>0xa8</size>
         <alignment>0x4</alignment>
         <input_file_ref idref="fl-d"/>
      </object_component>
      <object_component id="oc-29e">
         <name>.text</name>
         <load_address>0x703c</load_address>
         <readonly>true</readonly>
         <executable>true</executable>
         <run_address>0x703c</run_address>
         <size>0xa2</size>
         <alignment>0x4</alignment>
         <input_file_ref idref="fl-189"/>
      </object_component>
      <object_component id="oc-2cd">
         <name>.text.__aeabi_ldiv0</name>
         <load_address>0x70de</load_address>
         <readonly>true</readonly>
         <executable>true</executable>
         <run_address>0x70de</run_address>
         <size>0x2</size>
         <alignment>0x2</alignment>
         <input_file_ref idref="fl-18e"/>
      </object_component>
      <object_component id="oc-ed">
         <name>.text.SYSCFG_DL_initPower</name>
         <load_address>0x70e0</load_address>
         <readonly>true</readonly>
         <executable>true</executable>
         <run_address>0x70e0</run_address>
         <size>0xa0</size>
         <alignment>0x4</alignment>
         <input_file_ref idref="fl-1"/>
      </object_component>
      <object_component id="oc-203">
         <name>.text.ANGLE_CONTROL_setPid</name>
         <load_address>0x7180</load_address>
         <readonly>true</readonly>
         <executable>true</executable>
         <run_address>0x7180</run_address>
         <size>0x9c</size>
         <alignment>0x4</alignment>
         <input_file_ref idref="fl-17"/>
      </object_component>
      <object_component id="oc-202">
         <name>.text.LINE_FOLLOW_pidIsValid</name>
         <load_address>0x721c</load_address>
         <readonly>true</readonly>
         <executable>true</executable>
         <run_address>0x721c</run_address>
         <size>0x9c</size>
         <alignment>0x4</alignment>
         <input_file_ref idref="fl-18"/>
      </object_component>
      <object_component id="oc-2fb">
         <name>.text.__kernel_cosdf</name>
         <load_address>0x72b8</load_address>
         <readonly>true</readonly>
         <executable>true</executable>
         <run_address>0x72b8</run_address>
         <size>0x9c</size>
         <alignment>0x4</alignment>
         <input_file_ref idref="fl-4b"/>
      </object_component>
      <object_component id="oc-301">
         <name>.text.__kernel_cosdf</name>
         <load_address>0x7354</load_address>
         <readonly>true</readonly>
         <executable>true</executable>
         <run_address>0x7354</run_address>
         <size>0x9c</size>
         <alignment>0x4</alignment>
         <input_file_ref idref="fl-4c"/>
      </object_component>
      <object_component id="oc-a5">
         <name>.text:memcpy</name>
         <load_address>0x73f0</load_address>
         <readonly>true</readonly>
         <executable>true</executable>
         <run_address>0x73f0</run_address>
         <size>0x9a</size>
         <alignment>0x1</alignment>
         <input_file_ref idref="fl-192"/>
      </object_component>
      <object_component id="oc-173">
         <name>.text.KEY_scan10ms</name>
         <load_address>0x748c</load_address>
         <readonly>true</readonly>
         <executable>true</executable>
         <run_address>0x748c</run_address>
         <size>0x8c</size>
         <alignment>0x4</alignment>
         <input_file_ref idref="fl-12"/>
      </object_component>
      <object_component id="oc-f1">
         <name>.text.SYSCFG_DL_TB_PWM_init</name>
         <load_address>0x7518</load_address>
         <readonly>true</readonly>
         <executable>true</executable>
         <run_address>0x7518</run_address>
         <size>0x8c</size>
         <alignment>0x4</alignment>
         <input_file_ref idref="fl-1"/>
      </object_component>
      <object_component id="oc-119">
         <name>.text.WHEEL_SPEED_setTargetsMmps</name>
         <load_address>0x75a4</load_address>
         <readonly>true</readonly>
         <executable>true</executable>
         <run_address>0x75a4</run_address>
         <size>0x8c</size>
         <alignment>0x4</alignment>
         <input_file_ref idref="fl-19"/>
      </object_component>
      <object_component id="oc-237">
         <name>.text</name>
         <load_address>0x7630</load_address>
         <readonly>true</readonly>
         <executable>true</executable>
         <run_address>0x7630</run_address>
         <size>0x8c</size>
         <alignment>0x4</alignment>
         <input_file_ref idref="fl-172"/>
      </object_component>
      <object_component id="oc-185">
         <name>.text</name>
         <load_address>0x76bc</load_address>
         <readonly>true</readonly>
         <executable>true</executable>
         <run_address>0x76bc</run_address>
         <size>0x8c</size>
         <alignment>0x4</alignment>
         <input_file_ref idref="fl-175"/>
      </object_component>
      <object_component id="oc-b0">
         <name>.text.DEBUG_UART_initRxInterrupt</name>
         <load_address>0x7748</load_address>
         <readonly>true</readonly>
         <executable>true</executable>
         <run_address>0x7748</run_address>
         <size>0x88</size>
         <alignment>0x4</alignment>
         <input_file_ref idref="fl-f"/>
      </object_component>
      <object_component id="oc-2ab">
         <name>.text.iic_delay_ms</name>
         <load_address>0x77d0</load_address>
         <readonly>true</readonly>
         <executable>true</executable>
         <run_address>0x77d0</run_address>
         <size>0x84</size>
         <alignment>0x4</alignment>
         <input_file_ref idref="fl-c"/>
      </object_component>
      <object_component id="oc-228">
         <name>.text</name>
         <load_address>0x7854</load_address>
         <readonly>true</readonly>
         <executable>true</executable>
         <run_address>0x7854</run_address>
         <size>0x82</size>
         <alignment>0x4</alignment>
         <input_file_ref idref="fl-176"/>
      </object_component>
      <object_component id="oc-266">
         <name>.text.WHEEL_SPEED_setGainsX100</name>
         <load_address>0x78d8</load_address>
         <readonly>true</readonly>
         <executable>true</executable>
         <run_address>0x78d8</run_address>
         <size>0x7c</size>
         <alignment>0x4</alignment>
         <input_file_ref idref="fl-19"/>
      </object_component>
      <object_component id="oc-1c">
         <name>.text:decompress:lzss</name>
         <load_address>0x7954</load_address>
         <readonly>true</readonly>
         <executable>true</executable>
         <run_address>0x7954</run_address>
         <size>0x7c</size>
         <alignment>0x4</alignment>
         <input_file_ref idref="fl-5a"/>
      </object_component>
      <object_component id="oc-be">
         <name>.text.OLED_ShowString</name>
         <load_address>0x79d0</load_address>
         <readonly>true</readonly>
         <executable>true</executable>
         <run_address>0x79d0</run_address>
         <size>0x78</size>
         <alignment>0x2</alignment>
         <input_file_ref idref="fl-13"/>
      </object_component>
      <object_component id="oc-363">
         <name>.text.__gedf2</name>
         <load_address>0x7a48</load_address>
         <readonly>true</readonly>
         <executable>true</executable>
         <run_address>0x7a48</run_address>
         <size>0x74</size>
         <alignment>0x4</alignment>
         <input_file_ref idref="fl-17f"/>
      </object_component>
      <object_component id="oc-19e">
         <name>.text.HOSTexit</name>
         <load_address>0x7abc</load_address>
         <readonly>true</readonly>
         <executable>true</executable>
         <run_address>0x7abc</run_address>
         <size>0x4</size>
         <alignment>0x2</alignment>
         <input_file_ref idref="fl-162"/>
      </object_component>
      <object_component id="oc-305">
         <name>.text</name>
         <load_address>0x7ac0</load_address>
         <readonly>true</readonly>
         <executable>true</executable>
         <run_address>0x7ac0</run_address>
         <size>0x74</size>
         <alignment>0x10</alignment>
         <input_file_ref idref="fl-17e"/>
      </object_component>
      <object_component id="oc-14a">
         <name>.text.OLED_SetCursor</name>
         <load_address>0x7b34</load_address>
         <readonly>true</readonly>
         <executable>true</executable>
         <run_address>0x7b34</run_address>
         <size>0x72</size>
         <alignment>0x2</alignment>
         <input_file_ref idref="fl-13"/>
      </object_component>
      <object_component id="oc-3a">
         <name>.text.UART0_IRQHandler</name>
         <load_address>0x7ba8</load_address>
         <readonly>true</readonly>
         <executable>true</executable>
         <run_address>0x7ba8</run_address>
         <size>0x6c</size>
         <alignment>0x4</alignment>
         <input_file_ref idref="fl-f"/>
      </object_component>
      <object_component id="oc-2aa">
         <name>.text.iic_read_reg</name>
         <load_address>0x7c14</load_address>
         <readonly>true</readonly>
         <executable>true</executable>
         <run_address>0x7c14</run_address>
         <size>0x6c</size>
         <alignment>0x4</alignment>
         <input_file_ref idref="fl-c"/>
      </object_component>
      <object_component id="oc-aa">
         <name>.text.SYSCFG_DL_init</name>
         <load_address>0x7c80</load_address>
         <readonly>true</readonly>
         <executable>true</executable>
         <run_address>0x7c80</run_address>
         <size>0x68</size>
         <alignment>0x4</alignment>
         <input_file_ref idref="fl-1"/>
      </object_component>
      <object_component id="oc-35d">
         <name>.text.__ledf2</name>
         <load_address>0x7ce8</load_address>
         <readonly>true</readonly>
         <executable>true</executable>
         <run_address>0x7ce8</run_address>
         <size>0x68</size>
         <alignment>0x4</alignment>
         <input_file_ref idref="fl-17f"/>
      </object_component>
      <object_component id="oc-2a9">
         <name>.text.iic_write_reg</name>
         <load_address>0x7d50</load_address>
         <readonly>true</readonly>
         <executable>true</executable>
         <run_address>0x7d50</run_address>
         <size>0x68</size>
         <alignment>0x4</alignment>
         <input_file_ref idref="fl-c"/>
      </object_component>
      <object_component id="oc-ec">
         <name>.text:memset</name>
         <load_address>0x7db8</load_address>
         <readonly>true</readonly>
         <executable>true</executable>
         <run_address>0x7db8</run_address>
         <size>0x62</size>
         <alignment>0x1</alignment>
         <input_file_ref idref="fl-193"/>
      </object_component>
      <object_component id="oc-f9">
         <name>.text.SYSCFG_DL_BT_UART_init</name>
         <load_address>0x7e1c</load_address>
         <readonly>true</readonly>
         <executable>true</executable>
         <run_address>0x7e1c</run_address>
         <size>0x60</size>
         <alignment>0x4</alignment>
         <input_file_ref idref="fl-1"/>
      </object_component>
      <object_component id="oc-f7">
         <name>.text.SYSCFG_DL_RESV1_UART_init</name>
         <load_address>0x7e7c</load_address>
         <readonly>true</readonly>
         <executable>true</executable>
         <run_address>0x7e7c</run_address>
         <size>0x60</size>
         <alignment>0x4</alignment>
         <input_file_ref idref="fl-1"/>
      </object_component>
      <object_component id="oc-fa">
         <name>.text.SYSCFG_DL_RESV2_UART_init</name>
         <load_address>0x7edc</load_address>
         <readonly>true</readonly>
         <executable>true</executable>
         <run_address>0x7edc</run_address>
         <size>0x60</size>
         <alignment>0x4</alignment>
         <input_file_ref idref="fl-1"/>
      </object_component>
      <object_component id="oc-f8">
         <name>.text.SYSCFG_DL_STEP1_UART_init</name>
         <load_address>0x7f3c</load_address>
         <readonly>true</readonly>
         <executable>true</executable>
         <run_address>0x7f3c</run_address>
         <size>0x60</size>
         <alignment>0x4</alignment>
         <input_file_ref idref="fl-1"/>
      </object_component>
      <object_component id="oc-269">
         <name>.text.mpu_deinit</name>
         <load_address>0x7f9c</load_address>
         <readonly>true</readonly>
         <executable>true</executable>
         <run_address>0x7f9c</run_address>
         <size>0x60</size>
         <alignment>0x4</alignment>
         <input_file_ref idref="fl-d"/>
      </object_component>
      <object_component id="oc-312">
         <name>.text.DL_I2C_fillControllerTXFIFO</name>
         <load_address>0x7ffc</load_address>
         <readonly>true</readonly>
         <executable>true</executable>
         <run_address>0x7ffc</run_address>
         <size>0x5e</size>
         <alignment>0x2</alignment>
         <input_file_ref idref="fl-28"/>
      </object_component>
      <object_component id="oc-11b">
         <name>.text.TB6612_stopAll</name>
         <load_address>0x805c</load_address>
         <readonly>true</readonly>
         <executable>true</executable>
         <run_address>0x805c</run_address>
         <size>0x5c</size>
         <alignment>0x4</alignment>
         <input_file_ref idref="fl-15"/>
      </object_component>
      <object_component id="oc-338">
         <name>.text</name>
         <load_address>0x80b8</load_address>
         <readonly>true</readonly>
         <executable>true</executable>
         <run_address>0x80b8</run_address>
         <size>0x5a</size>
         <alignment>0x4</alignment>
         <input_file_ref idref="fl-180"/>
      </object_component>
      <object_component id="oc-18e">
         <name>.text</name>
         <load_address>0x8114</load_address>
         <readonly>true</readonly>
         <executable>true</executable>
         <run_address>0x8114</run_address>
         <size>0x5a</size>
         <alignment>0x4</alignment>
         <input_file_ref idref="fl-183"/>
      </object_component>
      <object_component id="oc-328">
         <name>.text</name>
         <load_address>0x8170</load_address>
         <readonly>true</readonly>
         <executable>true</executable>
         <run_address>0x8170</run_address>
         <size>0x56</size>
         <alignment>0x4</alignment>
         <input_file_ref idref="fl-184"/>
      </object_component>
      <object_component id="oc-f5">
         <name>.text.SYSCFG_DL_ICM_I2C_init</name>
         <load_address>0x81c8</load_address>
         <readonly>true</readonly>
         <executable>true</executable>
         <run_address>0x81c8</run_address>
         <size>0x54</size>
         <alignment>0x4</alignment>
         <input_file_ref idref="fl-1"/>
      </object_component>
      <object_component id="oc-1fb">
         <name>.text.piTunerApplyCommonSpeedPid</name>
         <load_address>0x821c</load_address>
         <readonly>true</readonly>
         <executable>true</executable>
         <run_address>0x821c</run_address>
         <size>0x54</size>
         <alignment>0x4</alignment>
         <input_file_ref idref="fl-7"/>
      </object_component>
      <object_component id="oc-153">
         <name>.text.BT_UART_tryReadByte</name>
         <load_address>0x8270</load_address>
         <readonly>true</readonly>
         <executable>true</executable>
         <run_address>0x8270</run_address>
         <size>0x50</size>
         <alignment>0x4</alignment>
         <input_file_ref idref="fl-e"/>
      </object_component>
      <object_component id="oc-b1">
         <name>.text.ENCODER_init</name>
         <load_address>0x82c0</load_address>
         <readonly>true</readonly>
         <executable>true</executable>
         <run_address>0x82c0</run_address>
         <size>0x50</size>
         <alignment>0x4</alignment>
         <input_file_ref idref="fl-10"/>
      </object_component>
      <object_component id="oc-f0">
         <name>.text.SYSCFG_DL_SYSCTL_init</name>
         <load_address>0x8310</load_address>
         <readonly>true</readonly>
         <executable>true</executable>
         <run_address>0x8310</run_address>
         <size>0x50</size>
         <alignment>0x4</alignment>
         <input_file_ref idref="fl-1"/>
      </object_component>
      <object_component id="oc-156">
         <name>.text.DEBUG_UART_tryReadByte</name>
         <load_address>0x8360</load_address>
         <readonly>true</readonly>
         <executable>true</executable>
         <run_address>0x8360</run_address>
         <size>0x4c</size>
         <alignment>0x4</alignment>
         <input_file_ref idref="fl-f"/>
      </object_component>
      <object_component id="oc-f3">
         <name>.text.SYSCFG_DL_ENCODER1_init</name>
         <load_address>0x83ac</load_address>
         <readonly>true</readonly>
         <executable>true</executable>
         <run_address>0x83ac</run_address>
         <size>0x4c</size>
         <alignment>0x4</alignment>
         <input_file_ref idref="fl-1"/>
      </object_component>
      <object_component id="oc-f2">
         <name>.text.SYSCFG_DL_ENCODER2_init</name>
         <load_address>0x83f8</load_address>
         <readonly>true</readonly>
         <executable>true</executable>
         <run_address>0x83f8</run_address>
         <size>0x4c</size>
         <alignment>0x4</alignment>
         <input_file_ref idref="fl-1"/>
      </object_component>
      <object_component id="oc-f4">
         <name>.text.SYSCFG_DL_TIMER_0_init</name>
         <load_address>0x8444</load_address>
         <readonly>true</readonly>
         <executable>true</executable>
         <run_address>0x8444</run_address>
         <size>0x4c</size>
         <alignment>0x4</alignment>
         <input_file_ref idref="fl-1"/>
      </object_component>
      <object_component id="oc-2ec">
         <name>.text</name>
         <load_address>0x8490</load_address>
         <readonly>true</readonly>
         <executable>true</executable>
         <run_address>0x8490</run_address>
         <size>0x4a</size>
         <alignment>0x4</alignment>
         <input_file_ref idref="fl-178"/>
      </object_component>
      <object_component id="oc-1d1">
         <name>.text.DL_UART_init</name>
         <load_address>0x84dc</load_address>
         <readonly>true</readonly>
         <executable>true</executable>
         <run_address>0x84dc</run_address>
         <size>0x48</size>
         <alignment>0x4</alignment>
         <input_file_ref idref="fl-2a"/>
      </object_component>
      <object_component id="oc-10c">
         <name>.text.LINE_FOLLOW_init</name>
         <load_address>0x8524</load_address>
         <readonly>true</readonly>
         <executable>true</executable>
         <run_address>0x8524</run_address>
         <size>0x48</size>
         <alignment>0x4</alignment>
         <input_file_ref idref="fl-18"/>
      </object_component>
      <object_component id="oc-121">
         <name>.text.DEBUG_UART_writeString</name>
         <load_address>0x856c</load_address>
         <readonly>true</readonly>
         <executable>true</executable>
         <run_address>0x856c</run_address>
         <size>0x40</size>
         <alignment>0x4</alignment>
         <input_file_ref idref="fl-f"/>
      </object_component>
      <object_component id="oc-14f">
         <name>.text</name>
         <load_address>0x85ac</load_address>
         <readonly>true</readonly>
         <executable>true</executable>
         <run_address>0x85ac</run_address>
         <size>0x40</size>
         <alignment>0x4</alignment>
         <input_file_ref idref="fl-185"/>
      </object_component>
      <object_component id="oc-2f1">
         <name>.text</name>
         <load_address>0x85ec</load_address>
         <readonly>true</readonly>
         <executable>true</executable>
         <run_address>0x85ec</run_address>
         <size>0x40</size>
         <alignment>0x4</alignment>
         <input_file_ref idref="fl-177"/>
      </object_component>
      <object_component id="oc-311">
         <name>.text.DL_I2C_flushControllerTXFIFO</name>
         <load_address>0x862c</load_address>
         <readonly>true</readonly>
         <executable>true</executable>
         <run_address>0x862c</run_address>
         <size>0x3c</size>
         <alignment>0x4</alignment>
         <input_file_ref idref="fl-28"/>
      </object_component>
      <object_component id="oc-80">
         <name>.text.ENCODER_updateSpeed10ms</name>
         <load_address>0x8668</load_address>
         <readonly>true</readonly>
         <executable>true</executable>
         <run_address>0x8668</run_address>
         <size>0x3c</size>
         <alignment>0x4</alignment>
         <input_file_ref idref="fl-10"/>
      </object_component>
      <object_component id="oc-314">
         <name>.text.iic_recover</name>
         <load_address>0x86a4</load_address>
         <readonly>true</readonly>
         <executable>true</executable>
         <run_address>0x86a4</run_address>
         <size>0x3c</size>
         <alignment>0x4</alignment>
         <input_file_ref idref="fl-c"/>
      </object_component>
      <object_component id="oc-d4">
         <name>.text:__TI_auto_init_nobinit_nopinit</name>
         <load_address>0x86e0</load_address>
         <readonly>true</readonly>
         <executable>true</executable>
         <run_address>0x86e0</run_address>
         <size>0x3c</size>
         <alignment>0x4</alignment>
         <input_file_ref idref="fl-55"/>
      </object_component>
      <object_component id="oc-220">
         <name>.text</name>
         <load_address>0x871c</load_address>
         <readonly>true</readonly>
         <executable>true</executable>
         <run_address>0x871c</run_address>
         <size>0x3c</size>
         <alignment>0x4</alignment>
         <input_file_ref idref="fl-17b"/>
      </object_component>
      <object_component id="oc-231">
         <name>.text</name>
         <load_address>0x8758</load_address>
         <readonly>true</readonly>
         <executable>true</executable>
         <run_address>0x8758</run_address>
         <size>0x3a</size>
         <alignment>0x4</alignment>
         <input_file_ref idref="fl-18b"/>
      </object_component>
      <object_component id="oc-158">
         <name>.text.DISPLAY_reportCommandRejected</name>
         <load_address>0x8794</load_address>
         <readonly>true</readonly>
         <executable>true</executable>
         <run_address>0x8794</run_address>
         <size>0x38</size>
         <alignment>0x4</alignment>
         <input_file_ref idref="fl-3"/>
      </object_component>
      <object_component id="oc-1f9">
         <name>.text.DISPLAY_reportReceivedLine</name>
         <load_address>0x87cc</load_address>
         <readonly>true</readonly>
         <executable>true</executable>
         <run_address>0x87cc</run_address>
         <size>0x38</size>
         <alignment>0x4</alignment>
         <input_file_ref idref="fl-3"/>
      </object_component>
      <object_component id="oc-146">
         <name>.text.OLED_I2C_Start</name>
         <load_address>0x8804</load_address>
         <readonly>true</readonly>
         <executable>true</executable>
         <run_address>0x8804</run_address>
         <size>0x38</size>
         <alignment>0x4</alignment>
         <input_file_ref idref="fl-14"/>
      </object_component>
      <object_component id="oc-196">
         <name>.text</name>
         <load_address>0x883c</load_address>
         <readonly>true</readonly>
         <executable>true</executable>
         <run_address>0x883c</run_address>
         <size>0x38</size>
         <alignment>0x4</alignment>
         <input_file_ref idref="fl-179"/>
      </object_component>
      <object_component id="oc-2a8">
         <name>.text.iic_read</name>
         <load_address>0x8874</load_address>
         <readonly>true</readonly>
         <executable>true</executable>
         <run_address>0x8874</run_address>
         <size>0x34</size>
         <alignment>0x4</alignment>
         <input_file_ref idref="fl-c"/>
[...]
         <name>__TI_ATRegion1_src_addr</name>
         <value>0x0</value>
      </symbol>
      <symbol id="sm-3ae">
         <name>__TI_ATRegion1_trg_addr</name>
         <value>0x0</value>
      </symbol>
      <symbol id="sm-3af">
         <name>__TI_ATRegion1_region_sz</name>
         <value>0x0</value>
      </symbol>
      <symbol id="sm-3b0">
         <name>__TI_ATRegion2_src_addr</name>
         <value>0x0</value>
      </symbol>
      <symbol id="sm-3b1">
         <name>__TI_ATRegion2_trg_addr</name>
         <value>0x0</value>
      </symbol>
      <symbol id="sm-3b2">
         <name>__TI_ATRegion2_region_sz</name>
         <value>0x0</value>
      </symbol>
      <symbol id="sm-3bb">
         <name>DL_Common_delayCycles</name>
         <value>0x8efd</value>
         <object_component_ref idref="oc-13d"/>
      </symbol>
      <symbol id="sm-3cd">
         <name>DL_I2C_setClockConfig</name>
         <value>0x8b09</value>
         <object_component_ref idref="oc-1c3"/>
      </symbol>
      <symbol id="sm-3ce">
         <name>DL_I2C_fillControllerTXFIFO</name>
         <value>0x7ffd</value>
         <object_component_ref idref="oc-312"/>
      </symbol>
      <symbol id="sm-3cf">
         <name>DL_I2C_flushControllerTXFIFO</name>
         <value>0x862d</value>
         <object_component_ref idref="oc-311"/>
      </symbol>
      <symbol id="sm-3d0">
         <name>DL_I2C_flushControllerRXFIFO</name>
         <value>0x88dd</value>
         <object_component_ref idref="oc-313"/>
      </symbol>
      <symbol id="sm-3f0">
         <name>DL_Timer_setClockConfig</name>
         <value>0x8d2d</value>
         <object_component_ref idref="oc-1af"/>
      </symbol>
      <symbol id="sm-3f1">
         <name>DL_Timer_initTimerMode</name>
         <value>0x62a5</value>
         <object_component_ref idref="oc-1c0"/>
      </symbol>
      <symbol id="sm-3f2">
         <name>DL_Timer_setCaptureCompareValue</name>
         <value>0x8ea1</value>
         <object_component_ref idref="oc-1b8"/>
      </symbol>
      <symbol id="sm-3f3">
         <name>DL_Timer_initCaptureMode</name>
         <value>0x5a39</value>
         <object_component_ref idref="oc-1bb"/>
      </symbol>
      <symbol id="sm-3f4">
         <name>DL_Timer_setCaptCompUpdateMethod</name>
         <value>0x8d11</value>
         <object_component_ref idref="oc-1b7"/>
      </symbol>
      <symbol id="sm-3f5">
         <name>DL_Timer_setCaptureCompareOutCtl</name>
         <value>0x8ded</value>
         <object_component_ref idref="oc-1b6"/>
      </symbol>
      <symbol id="sm-3f6">
         <name>DL_Timer_initFourCCPWMMode</name>
         <value>0x5f9d</value>
         <object_component_ref idref="oc-1b5"/>
      </symbol>
      <symbol id="sm-406">
         <name>DL_UART_init</name>
         <value>0x84dd</value>
         <object_component_ref idref="oc-1d1"/>
      </symbol>
      <symbol id="sm-407">
         <name>DL_UART_setClockConfig</name>
         <value>0x8e6d</value>
         <object_component_ref idref="oc-1cb"/>
      </symbol>
      <symbol id="sm-408">
         <name>DL_UART_transmitDataBlocking</name>
         <value>0x890d</value>
         <object_component_ref idref="oc-1ed"/>
      </symbol>
      <symbol id="sm-416">
         <name>asinf</name>
         <value>0x4ff5</value>
         <object_component_ref idref="oc-2c7"/>
      </symbol>
      <symbol id="sm-424">
         <name>atan2f</name>
         <value>0x5c71</value>
         <object_component_ref idref="oc-2b6"/>
      </symbol>
      <symbol id="sm-42e">
         <name>sqrtf</name>
         <value>0x6d89</value>
         <object_component_ref idref="oc-2b2"/>
      </symbol>
      <symbol id="sm-442">
         <name>atanf</name>
         <value>0x41bd</value>
         <object_component_ref idref="oc-2dd"/>
      </symbol>
      <symbol id="sm-463">
         <name>cosf</name>
         <value>0x3c49</value>
         <object_component_ref idref="oc-2ba"/>
      </symbol>
      <symbol id="sm-484">
         <name>sinf</name>
         <value>0x3ff1</value>
         <object_component_ref idref="oc-2c0"/>
      </symbol>
      <symbol id="sm-48e">
         <name>sqrt</name>
         <value>0x4d1d</value>
         <object_component_ref idref="oc-30a"/>
      </symbol>
      <symbol id="sm-48f">
         <name>sqrtl</name>
         <value>0x4d1d</value>
         <object_component_ref idref="oc-30a"/>
      </symbol>
      <symbol id="sm-49a">
         <name>__aeabi_errno_addr</name>
         <value>0x8f2d</value>
         <object_component_ref idref="oc-2d5"/>
      </symbol>
      <symbol id="sm-49b">
         <name>__aeabi_errno</name>
         <value>0x20200ca4</value>
         <object_component_ref idref="oc-315"/>
      </symbol>
      <symbol id="sm-4b4">
         <name>__kernel_rem_pio2</name>
         <value>0xf05</value>
         <object_component_ref idref="oc-2f5"/>
      </symbol>
      <symbol id="sm-4c2">
         <name>_c_int00_noargs</name>
         <value>0x8ab9</value>
         <object_component_ref idref="oc-67"/>
      </symbol>
      <symbol id="sm-4c3">
         <name>__stack</name>
         <value>0x20207e00</value>
         <object_component_ref idref="oc-1a"/>
      </symbol>
      <symbol id="sm-4cf">
         <name>__TI_auto_init_nobinit_nopinit</name>
         <value>0x86e1</value>
         <object_component_ref idref="oc-d4"/>
      </symbol>
      <symbol id="sm-4d7">
         <name>_system_pre_init</name>
         <value>0x8fcd</value>
         <object_component_ref idref="oc-8d"/>
      </symbol>
      <symbol id="sm-4e2">
         <name>__TI_zero_init</name>
         <value>0x8eb1</value>
         <object_component_ref idref="oc-64"/>
      </symbol>
      <symbol id="sm-4eb">
         <name>__TI_decompress_none</name>
         <value>0x8e7f</value>
         <object_component_ref idref="oc-20"/>
      </symbol>
      <symbol id="sm-4f6">
         <name>__TI_decompress_lzss</name>
         <value>0x7955</value>
         <object_component_ref idref="oc-1c"/>
      </symbol>
      <symbol id="sm-500">
         <name>floor</name>
         <value>0x5545</value>
         <object_component_ref idref="oc-334"/>
      </symbol>
      <symbol id="sm-501">
         <name>floorl</name>
         <value>0x5545</value>
         <object_component_ref idref="oc-334"/>
      </symbol>
      <symbol id="sm-50b">
         <name>scalbn</name>
         <value>0x6659</value>
         <object_component_ref idref="oc-330"/>
      </symbol>
      <symbol id="sm-50c">
         <name>ldexp</name>
         <value>0x6659</value>
         <object_component_ref idref="oc-330"/>
      </symbol>
      <symbol id="sm-50d">
         <name>scalbnl</name>
         <value>0x6659</value>
         <object_component_ref idref="oc-330"/>
      </symbol>
      <symbol id="sm-50e">
         <name>ldexpl</name>
         <value>0x6659</value>
         <object_component_ref idref="oc-330"/>
      </symbol>
      <symbol id="sm-51d">
         <name>abort</name>
         <value>0x8f95</value>
         <object_component_ref idref="oc-cd"/>
      </symbol>
      <symbol id="sm-530">
         <name>HOSTexit</name>
         <value>0x7abd</value>
         <object_component_ref idref="oc-19e"/>
      </symbol>
      <symbol id="sm-531">
         <name>C$$EXIT</name>
         <value>0x7abc</value>
         <object_component_ref idref="oc-19e"/>
      </symbol>
      <symbol id="sm-546">
         <name>__eqsf2</name>
         <value>0x7631</value>
         <object_component_ref idref="oc-237"/>
      </symbol>
      <symbol id="sm-547">
         <name>__lesf2</name>
         <value>0x7631</value>
         <object_component_ref idref="oc-237"/>
      </symbol>
      <symbol id="sm-548">
         <name>__ltsf2</name>
         <value>0x7631</value>
         <object_component_ref idref="oc-237"/>
      </symbol>
      <symbol id="sm-549">
         <name>__nesf2</name>
         <value>0x7631</value>
         <object_component_ref idref="oc-237"/>
      </symbol>
      <symbol id="sm-54a">
         <name>__cmpsf2</name>
         <value>0x7631</value>
         <object_component_ref idref="oc-237"/>
      </symbol>
      <symbol id="sm-54b">
         <name>__gtsf2</name>
         <value>0x766b</value>
         <object_component_ref idref="oc-237"/>
      </symbol>
      <symbol id="sm-54c">
         <name>__gesf2</name>
         <value>0x766b</value>
         <object_component_ref idref="oc-237"/>
      </symbol>
      <symbol id="sm-54d">
         <name>__unordsf2</name>
         <value>0x76a7</value>
         <object_component_ref idref="oc-237"/>
      </symbol>
      <symbol id="sm-54e">
         <name>__aeabi_fcmpun</name>
         <value>0x76a7</value>
         <object_component_ref idref="oc-237"/>
      </symbol>
      <symbol id="sm-554">
         <name>__aeabi_fadd</name>
         <value>0x673f</value>
         <object_component_ref idref="oc-192"/>
      </symbol>
      <symbol id="sm-555">
         <name>__addsf3</name>
         <value>0x673f</value>
         <object_component_ref idref="oc-192"/>
      </symbol>
      <symbol id="sm-556">
         <name>__aeabi_fsub</name>
         <value>0x6735</value>
         <object_component_ref idref="oc-192"/>
      </symbol>
      <symbol id="sm-557">
         <name>__subsf3</name>
         <value>0x6735</value>
         <object_component_ref idref="oc-192"/>
      </symbol>
      <symbol id="sm-560">
         <name>__aeabi_dadd</name>
         <value>0x4897</value>
         <object_component_ref idref="oc-2e7"/>
      </symbol>
      <symbol id="sm-561">
         <name>__adddf3</name>
         <value>0x4897</value>
         <object_component_ref idref="oc-2e7"/>
      </symbol>
      <symbol id="sm-562">
         <name>__aeabi_dsub</name>
         <value>0x488d</value>
         <object_component_ref idref="oc-2e7"/>
      </symbol>
      <symbol id="sm-563">
         <name>__subdf3</name>
         <value>0x488d</value>
         <object_component_ref idref="oc-2e7"/>
      </symbol>
      <symbol id="sm-56c">
         <name>__aeabi_fmul</name>
         <value>0x76bd</value>
         <object_component_ref idref="oc-185"/>
      </symbol>
      <symbol id="sm-56d">
         <name>__mulsf3</name>
         <value>0x76bd</value>
         <object_component_ref idref="oc-185"/>
      </symbol>
      <symbol id="sm-576">
         <name>__aeabi_fdiv</name>
         <value>0x7855</value>
         <object_component_ref idref="oc-228"/>
      </symbol>
      <symbol id="sm-577">
         <name>__divsf3</name>
         <value>0x7855</value>
         <object_component_ref idref="oc-228"/>
      </symbol>
      <symbol id="sm-580">
         <name>__aeabi_f2d</name>
         <value>0x85ed</value>
         <object_component_ref idref="oc-2f1"/>
      </symbol>
      <symbol id="sm-581">
         <name>__extendsfdf2</name>
         <value>0x85ed</value>
         <object_component_ref idref="oc-2f1"/>
      </symbol>
      <symbol id="sm-58a">
         <name>__aeabi_d2iz</name>
         <value>0x8491</value>
         <object_component_ref idref="oc-2ec"/>
      </symbol>
      <symbol id="sm-58b">
         <name>__fixdfsi</name>
         <value>0x8491</value>
         <object_component_ref idref="oc-2ec"/>
      </symbol>
      <symbol id="sm-591">
         <name>__aeabi_f2iz</name>
         <value>0x883d</value>
         <object_component_ref idref="oc-196"/>
      </symbol>
      <symbol id="sm-592">
         <name>__fixsfsi</name>
         <value>0x883d</value>
         <object_component_ref idref="oc-196"/>
      </symbol>
      <symbol id="sm-598">
         <name>__aeabi_i2d</name>
         <value>0x8a8d</value>
         <object_component_ref idref="oc-32c"/>
      </symbol>
      <symbol id="sm-599">
         <name>__floatsidf</name>
         <value>0x8a8d</value>
         <object_component_ref idref="oc-32c"/>
      </symbol>
      <symbol id="sm-59f">
         <name>__aeabi_i2f</name>
         <value>0x871d</value>
         <object_component_ref idref="oc-220"/>
      </symbol>
      <symbol id="sm-5a0">
         <name>__floatsisf</name>
         <value>0x871d</value>
         <object_component_ref idref="oc-220"/>
      </symbol>
      <symbol id="sm-5a6">
         <name>__aeabi_ui2f</name>
         <value>0x8ae1</value>
         <object_component_ref idref="oc-224"/>
      </symbol>
      <symbol id="sm-5a7">
         <name>__floatunsisf</name>
         <value>0x8ae1</value>
         <object_component_ref idref="oc-224"/>
      </symbol>
      <symbol id="sm-5ad">
         <name>__aeabi_lmul</name>
         <value>0x8c51</value>
         <object_component_ref idref="oc-277"/>
      </symbol>
      <symbol id="sm-5ae">
         <name>__muldi3</name>
         <value>0x8c51</value>
         <object_component_ref idref="oc-277"/>
      </symbol>
      <symbol id="sm-5b5">
         <name>__aeabi_d2f</name>
         <value>0x7ac1</value>
         <object_component_ref idref="oc-305"/>
      </symbol>
      <symbol id="sm-5b6">
         <name>__truncdfsf2</name>
         <value>0x7ac1</value>
         <object_component_ref idref="oc-305"/>
      </symbol>
      <symbol id="sm-5c4">
         <name>__ledf2</name>
         <value>0x7ce9</value>
         <object_component_ref idref="oc-35d"/>
      </symbol>
      <symbol id="sm-5c5">
         <name>__gedf2</name>
         <value>0x7a49</value>
         <object_component_ref idref="oc-363"/>
      </symbol>
      <symbol id="sm-5c6">
         <name>__cmpdf2</name>
         <value>0x7ce9</value>
         <object_component_ref idref="oc-35d"/>
      </symbol>
      <symbol id="sm-5c7">
         <name>__eqdf2</name>
         <value>0x7ce9</value>
         <object_component_ref idref="oc-35d"/>
      </symbol>
      <symbol id="sm-5c8">
         <name>__ltdf2</name>
         <value>0x7ce9</value>
         <object_component_ref idref="oc-35d"/>
      </symbol>
      <symbol id="sm-5c9">
         <name>__nedf2</name>
         <value>0x7ce9</value>
         <object_component_ref idref="oc-35d"/>
      </symbol>
      <symbol id="sm-5ca">
         <name>__gtdf2</name>
         <value>0x7a49</value>
         <object_component_ref idref="oc-363"/>
      </symbol>
      <symbol id="sm-5d0">
         <name>__aeabi_dcmpeq</name>
         <value>0x80b9</value>
         <object_component_ref idref="oc-338"/>
      </symbol>
      <symbol id="sm-5d1">
         <name>__aeabi_dcmplt</name>
         <value>0x80cb</value>
         <object_component_ref idref="oc-338"/>
      </symbol>
      <symbol id="sm-5d2">
         <name>__aeabi_dcmple</name>
         <value>0x80dd</value>
         <object_component_ref idref="oc-338"/>
      </symbol>
      <symbol id="sm-5d3">
         <name>__aeabi_dcmpge</name>
         <value>0x80ef</value>
         <object_component_ref idref="oc-338"/>
      </symbol>
      <symbol id="sm-5d4">
         <name>__aeabi_dcmpgt</name>
         <value>0x8101</value>
         <object_component_ref idref="oc-338"/>
      </symbol>
      <symbol id="sm-5df">
         <name>__aeabi_dmul_fast</name>
         <value>0x8f25</value>
         <object_component_ref idref="oc-31f"/>
      </symbol>
      <symbol id="sm-5e5">
         <name>__aeabi_fcmpeq</name>
         <value>0x8115</value>
         <object_component_ref idref="oc-18e"/>
      </symbol>
      <symbol id="sm-5e6">
         <name>__aeabi_fcmplt</name>
         <value>0x8127</value>
         <object_component_ref idref="oc-18e"/>
      </symbol>
      <symbol id="sm-5e7">
         <name>__aeabi_fcmple</name>
         <value>0x8139</value>
         <object_component_ref idref="oc-18e"/>
      </symbol>
      <symbol id="sm-5e8">
         <name>__aeabi_fcmpge</name>
         <value>0x814b</value>
         <object_component_ref idref="oc-18e"/>
      </symbol>
      <symbol id="sm-5e9">
         <name>__aeabi_fcmpgt</name>
         <value>0x815d</value>
         <object_component_ref idref="oc-18e"/>
      </symbol>
      <symbol id="sm-5ef">
         <name>__aeabi_idiv</name>
         <value>0x8171</value>
         <object_component_ref idref="oc-328"/>
      </symbol>
      <symbol id="sm-5f0">
         <name>__aeabi_idivmod</name>
         <value>0x8171</value>
         <object_component_ref idref="oc-328"/>
      </symbol>
      <symbol id="sm-5f6">
         <name>__aeabi_uidiv</name>
         <value>0x85ad</value>
         <object_component_ref idref="oc-14f"/>
      </symbol>
      <symbol id="sm-5f7">
         <name>__aeabi_uidivmod</name>
         <value>0x85ad</value>
         <object_component_ref idref="oc-14f"/>
      </symbol>
      <symbol id="sm-5fd">
         <name>__aeabi_uldivmod</name>
         <value>0x8e59</value>
         <object_component_ref idref="oc-27b"/>
      </symbol>
      <symbol id="sm-603">
         <name>__aeabi_memcpy</name>
         <value>0x8f45</value>
         <object_component_ref idref="oc-57"/>
      </symbol>
      <symbol id="sm-604">
         <name>__aeabi_memcpy4</name>
         <value>0x8f45</value>
         <object_component_ref idref="oc-57"/>
      </symbol>
      <symbol id="sm-605">
         <name>__aeabi_memcpy8</name>
         <value>0x8f45</value>
         <object_component_ref idref="oc-57"/>
      </symbol>
      <symbol id="sm-60b">
         <name>__aeabi_memset</name>
         <value>0x8db9</value>
         <object_component_ref idref="oc-89"/>
      </symbol>
      <symbol id="sm-60c">
         <name>__aeabi_memset4</name>
         <value>0x8db9</value>
         <object_component_ref idref="oc-89"/>
      </symbol>
      <symbol id="sm-60d">
         <name>__aeabi_memset8</name>
         <value>0x8db9</value>
         <object_component_ref idref="oc-89"/>
      </symbol>
      <symbol id="sm-60e">
         <name>__aeabi_memclr</name>
         <value>0x8dc7</value>
         <object_component_ref idref="oc-89"/>
      </symbol>
      <symbol id="sm-60f">
         <name>__aeabi_memclr4</name>
         <value>0x8dc7</value>
         <object_component_ref idref="oc-89"/>
      </symbol>
      <symbol id="sm-610">
         <name>__aeabi_memclr8</name>
         <value>0x8dc7</value>
         <object_component_ref idref="oc-89"/>
      </symbol>
      <symbol id="sm-616">
         <name>__udivmoddi4</name>
         <value>0x703d</value>
         <object_component_ref idref="oc-29e"/>
      </symbol>
      <symbol id="sm-61c">
         <name>__muldsi3</name>
         <value>0x8759</value>
         <object_component_ref idref="oc-231"/>
      </symbol>
      <symbol id="sm-622">
         <name>__aeabi_llsl</name>
         <value>0x8cd5</value>
         <object_component_ref idref="oc-2ce"/>
      </symbol>
      <symbol id="sm-623">
         <name>__ashldi3</name>
         <value>0x8cd5</value>
         <object_component_ref idref="oc-2ce"/>
      </symbol>
      <symbol id="sm-62f">
         <name>__aeabi_idiv0</name>
         <value>0x4a1f</value>
         <object_component_ref idref="oc-1f3"/>
      </symbol>
      <symbol id="sm-630">
         <name>__aeabi_ldiv0</name>
         <value>0x70df</value>
         <object_component_ref idref="oc-2cd"/>
      </symbol>
      <symbol id="sm-63b">
         <name>__muldf3_fast</name>
         <value>0x3a71</value>
         <object_component_ref idref="oc-34b"/>
      </symbol>
      <symbol id="sm-655">
         <name>memcpy</name>
         <value>0x73f1</value>
         <object_component_ref idref="oc-a5"/>
      </symbol>
      <symbol id="sm-664">
         <name>memset</name>
         <value>0x7db9</value>
         <object_component_ref idref="oc-ec"/>
      </symbol>
      <symbol id="sm-665">
         <name>__TI_static_base__</name>
         <value>0x0</value>
      </symbol>
      <symbol id="sm-669">
         <name>__mpu_init</name>
         <value>0x0</value>
      </symbol>
      <symbol id="sm-66a">
         <name>_system_post_cinit</name>
         <value>0x0</value>
      </symbol>
   </symbol_table>
   <title>Link successful</title>
</link_info>
