******************************************************************************
            TI ARM Clang Linker PC v5.1.1                      
******************************************************************************
>> Linked Thu Jul 23 23:29:48 2026

OUTPUT FILE NAME:   <nuedc2026_Pinconfig.out>
ENTRY POINT SYMBOL: "_c_int00_noargs"  address: 0000793d


MEMORY CONFIGURATION

         name            origin    length      used     unused   attr    fill
----------------------  --------  ---------  --------  --------  ----  --------
  FLASH                 00000000   00020000  000089a8  00017658  R  X
  SRAM                  20200000   00008000  00000e75  0000718b  RW X
  BCR_CONFIG            41c00000   000000ff  00000000  000000ff  R   
  BSL_CONFIG            41c00100   00000080  00000000  00000080  R   


SEGMENT ALLOCATION MAP

run origin  load origin   length   init length attrs members
----------  ----------- ---------- ----------- ----- -------
00000000    00000000    000089a8   000089a8    r-x
  00000000    00000000    000000c0   000000c0    r-- .intvecs
  000000c0    000000c0    00007d90   00007d90    r-x .text
  00007e50    00007e50    00000ae0   00000ae0    r-- .rodata
  00008930    00008930    00000078   00000078    r-- .cinit
20200000    20200000    00000c76   00000000    rw-
  20200000    20200000    00000c27   00000000    rw- .bss
  20200c28    20200c28    0000004e   00000000    rw- .data
20207e00    20207e00    00000200   00000000    rw-
  20207e00    20207e00    00000200   00000000    rw- .stack


SECTION ALLOCATION MAP

 output                                  attributes/
section   page    origin      length       input sections
--------  ----  ----------  ----------   ----------------
.intvecs   0    00000000    000000c0     
                  00000000    000000c0     startup_mspm0g350x_ticlang.o (.intvecs)

.text      0    000000c0    00007d90     
                  000000c0    000006dc     pi_tuner.o (.text.PI_TUNER_pollUart)
                  0000079c    00000678     libc.a : k_rem_pio2.c.obj (.text.__kernel_rem_pio2)
                  00000e14    000005ec     bsp_imu.o (.text.imu_update_attitude)
                  00001400    0000043e     oled.o (.text.OLED_Init)
                  0000183e    00000002     startup_mspm0g350x_ticlang.o (.text.Default_Handler)
                  00001840    00000420     bsp_imu.o (.text.mpu_init)
                  00001c60    000003c0     pi_tuner.o (.text.piTunerServiceDebugMode)
                  00002020    0000035c     main.o (.text.main)
                  0000237c    00000358     bsp_imu.o (.text.icm_init)
                  000026d4    000002f8     oled.o (.text.OLED_ShowSignedNum)
                  000029cc    00000228     ano_protocol.o (.text.ANO_sendEulerFrame)
                  00002bf4    00000228     bsp_imu.o (.text.mpu_read_motion)
                  00002e1c    000001fc     bsp_imu.o (.text.icm_read_motion)
                  00003018    000001d8     libc.a : muldf3_fast.c.obj (.text.__muldf3_fast)
                  000031f0    000001d8            : s_cosf.c.obj (.text.cosf)
                  000033c8    000001d6     oled.o (.text.OLED_Clear)
                  0000359e    00000002     libclang_rt.builtins.a : aeabi_div0.c.obj (.text.__aeabi_idiv0)
                  000035a0    000001cc     libc.a : s_sinf.c.obj (.text.sinf)
                  0000376c    000001c8            : s_atanf.c.obj (.text.atanf)
                  00003934    000001c0     pi_tuner.o (.text.piTunerParsePrefixedValue)
                  00003af4    000001a8     oled_soft_i2c.o (.text.OLED_I2C_SendByte)
                  00003c9c    000001a0     wheel_speed.o (.text.wheelSpeedUpdatePi)
                  00003e3c    00000192     libclang_rt.builtins.a : adddf3.S.obj (.text)
                  00003fce    00000002                            : aeabi_div0.c.obj (.text.__aeabi_ldiv0)
                  00003fd0    0000018c     line_follow.o (.text.LINE_FOLLOW_update10ms)
                  0000415c    0000018c     line_follow.o (.text.lineFollowRunPid)
                  000042e8    0000017c     bt_uart.o (.text.UART2_IRQHandler)
                  00004464    00000174     libc.a : e_sqrt.c.obj (.text.sqrt)
                  000045d8    00000164     bsp_imu.o (.text.imu_apply_lpf)
                  0000473c    00000160     libc.a : e_asinf.c.obj (.text.asinf)
                  0000489c    00000154     debug_uart.o (.text.DEBUG_UART_writeSignedFixed3)
                  000049f0    00000148     libc.a : s_floor.c.obj (.text.floor)
                  00004b38    00000140     ti_msp_dl_config.o (.text.SYSCFG_DL_GPIO_init)
                  00004c78    0000013c     bsp_iic.o (.text.iic_start_rx_budget)
                  00004db4    0000011c     driverlib.a : dl_timer.o (.text.DL_Timer_initCaptureMode)
                  00004ed0    00000118     libc.a : e_atan2f.c.obj (.text.atan2f)
                  00004fe8    00000108     display.o (.text.DISPLAY_reportPidDecoded)
                  000050f0    00000104     driverlib.a : dl_timer.o (.text.DL_Timer_initFourCCPWMMode)
                  000051f4    00000104     bsp_iic.o (.text.iic_start_tx_budget)
                  000052f8    00000100     pi_tuner.o (.text.PI_TUNER_init)
                  000053f8    00000100     pi_tuner.o (.text.PI_TUNER_update10ms)
                  000054f8    000000fc     driverlib.a : dl_timer.o (.text.DL_Timer_initTimerMode)
                  000055f4    000000f4     display.o (.text.DISPLAY_reportPidApplied)
                  000056e8    000000e8     tb6612.o (.text.TB6612_setMotor)
                  000057d0    000000dc     oled.o (.text.OLED_ShowChar)
                  000058ac    000000dc     libc.a : s_scalbn.c.obj (.text.scalbn)
                  00005988    000000d8     libclang_rt.builtins.a : addsf3.S.obj (.text)
                  00005a60    000000d4     debug_uart.o (.text.DEBUG_UART_writeInt32)
                  00005b34    000000d4     wheel_speed.o (.text.WHEEL_SPEED_getDiagnostics)
                  00005c08    000000c0     debug_uart.o (.text.DEBUG_UART_writeUInt32)
                  00005cc8    000000b4     libc.a : e_sqrtf.c.obj (.text.sqrtf)
                  00005d7c    000000ac            : s_cosf.c.obj (.text.__kernel_sindf)
                  00005e28    000000ac            : s_sinf.c.obj (.text.__kernel_sindf)
                  00005ed4    000000a8     bsp_imu.o (.text.icm_deinit)
                  00005f7c    000000a2     libclang_rt.builtins.a : udivmoddi4.S.obj (.text)
                  0000601e    00000002     --HOLE-- [fill = 0]
                  00006020    000000a0     ti_msp_dl_config.o (.text.SYSCFG_DL_initPower)
                  000060c0    0000009c     libc.a : s_cosf.c.obj (.text.__kernel_cosdf)
                  0000615c    0000009c            : s_sinf.c.obj (.text.__kernel_cosdf)
                  000061f8    0000009a            : memcpy16.S.obj (.text:memcpy)
                  00006292    00000002     --HOLE-- [fill = 0]
                  00006294    0000008c     key.o (.text.KEY_scan10ms)
                  00006320    0000008c     ti_msp_dl_config.o (.text.SYSCFG_DL_TB_PWM_init)
                  000063ac    0000008c     wheel_speed.o (.text.WHEEL_SPEED_setTargetsMmps)
                  00006438    0000008c     libclang_rt.builtins.a : comparesf2.S.obj (.text)
                  000064c4    0000008c                            : mulsf3.S.obj (.text)
                  00006550    00000088     debug_uart.o (.text.DEBUG_UART_initRxInterrupt)
                  000065d8    00000084     bsp_iic.o (.text.iic_delay_ms)
                  0000665c    00000082     libclang_rt.builtins.a : divsf3.S.obj (.text)
                  000066de    00000002     --HOLE-- [fill = 0]
                  000066e0    0000007c     wheel_speed.o (.text.WHEEL_SPEED_setGainsX100)
                  0000675c    0000007c     libc.a : copy_decompress_lzss.c.obj (.text:decompress:lzss)
                  000067d8    00000078     oled.o (.text.OLED_ShowString)
                  00006850    00000074     libclang_rt.builtins.a : comparedf2.c.obj (.text.__gedf2)
                  000068c4    0000000c     angle_control.o (.text.ANGLE_CONTROL_setBaseSpeedMmps)
                  000068d0    00000074     libclang_rt.builtins.a : truncdfsf2.S.obj (.text)
                  00006944    00000072     oled.o (.text.OLED_SetCursor)
                  000069b6    00000002     --HOLE-- [fill = 0]
                  000069b8    0000006c     debug_uart.o (.text.UART0_IRQHandler)
                  00006a24    0000006c     bsp_iic.o (.text.iic_read_reg)
                  00006a90    00000068     ti_msp_dl_config.o (.text.SYSCFG_DL_init)
                  00006af8    00000068     libclang_rt.builtins.a : comparedf2.c.obj (.text.__ledf2)
                  00006b60    00000068     bsp_iic.o (.text.iic_write_reg)
                  00006bc8    00000064     display.o (.text.DISPLAY_oledBeginRunPage)
                  00006c2c    00000062     libc.a : memset16.S.obj (.text:memset)
                  00006c8e    00000002     --HOLE-- [fill = 0]
                  00006c90    00000060     ti_msp_dl_config.o (.text.SYSCFG_DL_BT_UART_init)
                  00006cf0    00000060     ti_msp_dl_config.o (.text.SYSCFG_DL_RESV1_UART_init)
                  00006d50    00000060     ti_msp_dl_config.o (.text.SYSCFG_DL_RESV2_UART_init)
                  00006db0    00000060     ti_msp_dl_config.o (.text.SYSCFG_DL_STEP1_UART_init)
                  00006e10    00000060     bsp_imu.o (.text.mpu_deinit)
                  00006e70    0000005e     driverlib.a : dl_i2c.o (.text.DL_I2C_fillControllerTXFIFO)
                  00006ece    00000002     --HOLE-- [fill = 0]
                  00006ed0    0000005c     tb6612.o (.text.TB6612_stopAll)
                  00006f2c    0000005a     libclang_rt.builtins.a : aeabi_dcmp.S.obj (.text)
                  00006f86    00000002     --HOLE-- [fill = 0]
                  00006f88    0000005a                            : aeabi_fcmp.S.obj (.text)
                  00006fe2    00000002     --HOLE-- [fill = 0]
                  00006fe4    00000056                            : aeabi_idivmod.S.obj (.text)
                  0000703a    00000002     --HOLE-- [fill = 0]
                  0000703c    00000054     ti_msp_dl_config.o (.text.SYSCFG_DL_ICM_I2C_init)
                  00007090    00000050     encoder.o (.text.ENCODER_init)
                  000070e0    00000050     ti_msp_dl_config.o (.text.SYSCFG_DL_SYSCTL_init)
                  00007130    0000004c     debug_uart.o (.text.DEBUG_UART_tryReadByte)
                  0000717c    0000004c     ti_msp_dl_config.o (.text.SYSCFG_DL_ENCODER1_init)
                  000071c8    0000004c     ti_msp_dl_config.o (.text.SYSCFG_DL_ENCODER2_init)
                  00007214    0000004c     ti_msp_dl_config.o (.text.SYSCFG_DL_TIMER_0_init)
                  00007260    0000004a     libclang_rt.builtins.a : fixdfsi.S.obj (.text)
                  000072aa    00000002     --HOLE-- [fill = 0]
                  000072ac    00000048     driverlib.a : dl_uart.o (.text.DL_UART_init)
                  000072f4    00000048     line_follow.o (.text.LINE_FOLLOW_init)
                  0000733c    00000048     line_follow.o (.text.LINE_FOLLOW_setCurveBiasMmps)
                  00007384    00000040     debug_uart.o (.text.DEBUG_UART_writeString)
                  000073c4    00000040     line_follow.o (.text.LINE_FOLLOW_resetDynamics)
                  00007404    00000040     libclang_rt.builtins.a : aeabi_uidivmod.S.obj (.text)
                  00007444    00000040                            : extendsfdf2.S.obj (.text)
                  00007484    0000003c     driverlib.a : dl_i2c.o (.text.DL_I2C_flushControllerTXFIFO)
                  000074c0    0000003c     encoder.o (.text.ENCODER_updateSpeed10ms)
                  000074fc    0000003c     bsp_iic.o (.text.iic_recover)
                  00007538    0000003c     libc.a : autoinit.c.obj (.text:__TI_auto_init_nobinit_nopinit)
                  00007574    0000003c     libclang_rt.builtins.a : floatsisf.S.obj (.text)
                  000075b0    0000003a                            : muldsi3.S.obj (.text)
                  000075ea    00000002     --HOLE-- [fill = 0]
                  000075ec    00000038     display.o (.text.DISPLAY_reportCommandRejected)
                  00007624    00000038     display.o (.text.DISPLAY_reportReceivedLine)
                  0000765c    00000038     oled_soft_i2c.o (.text.OLED_I2C_Start)
                  00007694    00000038     libclang_rt.builtins.a : fixsfsi.S.obj (.text)
                  000076cc    00000034     bsp_iic.o (.text.iic_read)
                  00007700    00000034     bsp_iic.o (.text.iic_write)
                  00007734    00000030     driverlib.a : dl_i2c.o (.text.DL_I2C_flushControllerRXFIFO)
                  00007764    00000030                 : dl_uart.o (.text.DL_UART_transmitDataBlocking)
                  00007794    00000030     oled_soft_i2c.o (.text.OLED_I2C_Stop)
                  000077c4    00000030     ti_msp_dl_config.o (.text.SYSCFG_DL_TRACK_I2C_init)
                  000077f4    00000030     encoder.o (.text.TIMA0_IRQHandler)
                  00007824    00000030     encoder.o (.text.TIMG6_IRQHandler)
                  00007854    00000030     wheel_speed.o (.text.WHEEL_SPEED_init)
                  00007884    00000030     bsp_imu.o (.text.icm_update_attitude)
                  000078b4    00000030     bsp_imu.o (.text.mpu_update_attitude)
                  000078e4    0000002c     display.o (.text.DISPLAY_oledService)
                  00007910    0000002c     libclang_rt.builtins.a : floatsidf.S.obj (.text)
                  0000793c    00000028     libc.a : boot_cortex_m.c.obj (.text:_c_int00_noargs)
                  00007964    00000028     libclang_rt.builtins.a : floatunsisf.S.obj (.text)
                  0000798c    00000026     driverlib.a : dl_i2c.o (.text.DL_I2C_setClockConfig)
                  000079b2    00000002     --HOLE-- [fill = 0]
                  000079b4    00000024     oled_soft_i2c.o (.text.OLED_I2C_Init)
                  000079d8    00000024     tb6612.o (.text.TB6612_setMotor1)
                  000079fc    00000024     tb6612.o (.text.TB6612_setMotor2)
                  00007a20    00000024     main.o (.text.TIMG7_IRQHandler)
                  00007a44    00000024     track.o (.text.TRACK_readRawMask)
                  00007a68    00000024     bsp_imu.o (.text.icm_update_zero_axis)
                  00007a8c    00000024     bsp_imu.o (.text.mpu_update_zero_axis)
                  00007ab0    00000024     libclang_rt.builtins.a : muldi3.S.obj (.text)
                  00007ad4    00000020     angle_control.o (.text.ANGLE_CONTROL_init)
                  00007af4    00000020     wheel_speed.o (.text.WHEEL_SPEED_update10ms)
                  00007b14    0000001e     libclang_rt.builtins.a : ashldi3.S.obj (.text)
                  00007b32    00000002     --HOLE-- [fill = 0]
                  00007b34    0000001c     angle_control.o (.text.ANGLE_CONTROL_stateName)
                  00007b50    0000001c     driverlib.a : dl_timer.o (.text.DL_Timer_setCaptCompUpdateMethod)
                  00007b6c    0000001c                 : dl_timer.o (.text.DL_Timer_setClockConfig)
                  00007b88    0000001c     key.o (.text.KEY_init)
                  00007ba4    0000001c     line_follow.o (.text.LINE_FOLLOW_setBaseSpeedMmps)
                  00007bc0    0000001c     bsp_imu.o (.text.bsp_imu_get_interface)
                  00007bdc    0000001c     bsp_imu.o (.text.bsp_imu_update_9axis_checked)
                  00007bf8    0000001a     libclang_rt.builtins.a : aeabi_memset.S.obj (.text)
                  00007c12    00000002     --HOLE-- [fill = 0]
                  00007c14    00000018     angle_control.o (.text.ANGLE_CONTROL_getOutput)
                  00007c2c    00000018     driverlib.a : dl_timer.o (.text.DL_Timer_setCaptureCompareOutCtl)
                  00007c44    00000018     bsp_imu.o (.text.icm_update_zero_attitude)
                  00007c5c    00000018     bsp_imu.o (.text.mpu_update_zero_attitude)
                  00007c74    00000014     display.o (.text.DISPLAY_oledRunPageReady)
                  00007c88    00000014     libc.a : k_rem_pio2.c.obj (.text.OUTLINED_FUNCTION_0)
                  00007c9c    00000010     libclang_rt.builtins.a : adddf3.S.obj (.tramp.__aeabi_dadd.1)
                  00007cac    00000014                            : aeabi_uldivmod.S.obj (.text)
                  00007cc0    00000012     driverlib.a : dl_uart.o (.text.DL_UART_setClockConfig)
                  00007cd2    00000012     libc.a : copy_decompress_none.c.obj (.text:decompress:none)
                  00007ce4    00000010     debug_uart.o (.text.DEBUG_UART_writeByte)
                  00007cf4    00000010     driverlib.a : dl_timer.o (.text.DL_Timer_setCaptureCompareValue)
                  00007d04    00000010     libc.a : copy_zero_init.c.obj (.text:decompress:ZI)
                  00007d14    0000000c     encoder.o (.text.ENCODER_getLeftSpeed10ms)
                  00007d20    0000000c     encoder.o (.text.ENCODER_getRightSpeed10ms)
                  00007d2c    0000000c     pi_tuner.o (.text.PI_TUNER_getCurveBiasMmps)
                  00007d38    0000000c     pi_tuner.o (.text.PI_TUNER_getCurveBiasRevision)
                  00007d44    0000000c     pi_tuner.o (.text.PI_TUNER_isRunning)
                  00007d50    0000000c     wheel_speed.o (.text.WHEEL_SPEED_getLeftPwm)
                  00007d5c    0000000c     wheel_speed.o (.text.WHEEL_SPEED_getRightPwm)
                  00007d68    0000000a     driverlib.a : dl_common.o (.text.DL_Common_delayCycles)
                  00007d72    0000000a     libc.a : k_rem_pio2.c.obj (.text.OUTLINED_FUNCTION_1)
                  00007d7c    0000000a            : s_cosf.c.obj (.text.OUTLINED_FUNCTION_3)
                  00007d86    0000000a            : s_sinf.c.obj (.text.OUTLINED_FUNCTION_3)
                  00007d90    00000008     libclang_rt.builtins.a : aeabi_dmul.c.obj (.text.__aeabi_dmul_fast)
                  00007d98    00000008     libc.a : aeabi_portable.c.obj (.text.__aeabi_errno_addr)
                  00007da0    00000008     bsp_imu.o (.text.icm_update_motion)
                  00007da8    00000008     bsp_imu.o (.text.mpu_update_motion)
                  00007db0    00000008     libclang_rt.builtins.a : aeabi_memcpy.S.obj (.text)
                  00007db8    00000006     libc.a : e_asinf.c.obj (.text.OUTLINED_FUNCTION_0)
                  00007dbe    00000002     --HOLE-- [fill = 0]
                  00007dc0    00000010     libclang_rt.builtins.a : mulsf3.S.obj (.tramp.__aeabi_fmul.1)
                  00007dd0    00000006     libc.a : s_atanf.c.obj (.text.OUTLINED_FUNCTION_0)
                  00007dd6    00000002     --HOLE-- [fill = 0]
                  00007dd8    00000010     libclang_rt.builtins.a : divsf3.S.obj (.tramp.__aeabi_fdiv.1)
                  00007de8    00000006     libc.a : s_cosf.c.obj (.text.OUTLINED_FUNCTION_0)
                  00007dee    00000006            : s_sinf.c.obj (.text.OUTLINED_FUNCTION_0)
                  00007df4    00000006            : s_cosf.c.obj (.text.OUTLINED_FUNCTION_1)
                  00007dfa    00000006            : s_sinf.c.obj (.text.OUTLINED_FUNCTION_1)
                  00007e00    00000006            : exit.c.obj (.text:abort)
                  00007e06    00000004     libsysbm.a : hostexit.c.obj (.text.HOSTexit)
                  00007e0a    00000004     libc.a : s_atanf.c.obj (.text.OUTLINED_FUNCTION_1)
                  00007e0e    00000002     --HOLE-- [fill = 0]
                  00007e10    00000010     libclang_rt.builtins.a : addsf3.S.obj (.tramp.__aeabi_fadd.1)
                  00007e20    00000004     libc.a : s_cosf.c.obj (.text.OUTLINED_FUNCTION_2)
                  00007e24    00000010     libclang_rt.builtins.a : extendsfdf2.S.obj (.tramp.__aeabi_f2d.1)
                  00007e34    00000004     libc.a : s_sinf.c.obj (.text.OUTLINED_FUNCTION_2)
                  00007e38    00000004     startup_mspm0g350x_ticlang.o (.text.Reset_Handler)
                  00007e3c    00000004     libc.a : pre_init.c.obj (.text._system_pre_init)
                  00007e40    00000004     bsp_imu.o (.text.bsp_imu_port_get_tick_ms)
                  00007e44    0000000c     --HOLE-- [fill = 0]

.cinit     0    00008930    00000078     
                  00008930    00000053     (.cinit..data.load) [load image, compression = lzss]
                  00008983    00000001     --HOLE-- [fill = 0]
                  00008984    0000000c     (__TI_handler_table)
                  00008990    00000008     (.cinit..bss.load) [load image, compression = zero_init]
                  00008998    00000010     (__TI_cinit_table)

.rodata    0    00007e50    00000ae0     
                  00007e50    000005f0     oled.o (.rodata.OLED_F8x16)
                  00008440    00000108     libc.a : k_rem_pio2.c.obj (.rodata.ipio2)
                  00008548    00000040            : k_rem_pio2.c.obj (.rodata.PIo2)
                  00008588    00000029     pi_tuner.o (.rodata.str1.14348563667571627910.1)
                  000085b1    00000003     ti_msp_dl_config.o (.rodata.gENCODER1ClockConfig)
                  000085b4    00000020     libc.a : s_atanf.c.obj (.rodata.cst16)
                  000085d4    0000001d     pi_tuner.o (.rodata.str1.3950017358668182904.1)
                  000085f1    0000001d     pi_tuner.o (.rodata.str1.6126942789017977925.1)
                  0000860e    0000001c     pi_tuner.o (.rodata.str1.3092413422907724808.1)
                  0000862a    0000001c     pi_tuner.o (.rodata.str1.4518194504419252669.1)
                  00008646    0000001c     pi_tuner.o (.rodata.str1.7377929901717602836.1)
                  00008662    0000001c     pi_tuner.o (.rodata.str1.7390999842366774205.1)
                  0000867e    0000001a     pi_tuner.o (.rodata.str1.11090206712756611048.1)
                  00008698    00000018     main.o (.rodata.gDisplayColumns)
                  000086b0    00000018     main.o (.rodata.gDisplayLines)
                  000086c8    00000018     pi_tuner.o (.rodata.str1.17675304280495593580.1)
                  000086e0    00000016     pi_tuner.o (.rodata.str1.17164617752186169330.1)
                  000086f6    00000002     ti_msp_dl_config.o (.rodata.gBT_UARTClockConfig)
                  000086f8    00000014     ti_msp_dl_config.o (.rodata.gTIMER_0TimerConfig)
                  0000870c    00000014     pi_tuner.o (.rodata.str1.12940213060718770464.1)
                  00008720    00000014     pi_tuner.o (.rodata.str1.16667115788814072270.1)
                  00008734    00000013     pi_tuner.o (.rodata.str1.1337833437770638573.1)
                  00008747    00000012     pi_tuner.o (.rodata.str1.12737021732970131248.1)
                  00008759    00000003     ti_msp_dl_config.o (.rodata.gENCODER2ClockConfig)
                  0000875c    00000010     angle_control.o (.rodata..Lswitch.table.ANGLE_CONTROL_stateName)
                  0000876c    00000010     libc.a : k_rem_pio2.c.obj (.rodata.cst16)
                  0000877c    00000010     ti_msp_dl_config.o (.rodata.gENCODER1CaptureConfig)
                  0000878c    00000010     ti_msp_dl_config.o (.rodata.gENCODER2CaptureConfig)
                  0000879c    00000010     display.o (.rodata.str1.4131947371668963522.1)
                  000087ac    00000010     display.o (.rodata.str1.9288313664863452541.1)
                  000087bc    0000000f     pi_tuner.o (.rodata.str1.8399654193986159810.1)
                  000087cb    0000000e     angle_control.o (.rodata.str1.7943077534826102811.1)
                  000087d9    0000000d     display.o (.rodata.str1.11906972203825461380.1)
                  000087e6    00000002     ti_msp_dl_config.o (.rodata.gICM_I2CClockConfig)
                  000087e8    0000000c     driverlib.a : dl_timer.o (.rodata..Lswitch.table.DL_Timer_initCompareMode)
                  000087f4    0000000c     pi_tuner.o (.rodata..Lswitch.table.piTunerServiceDebugMode)
                  00008800    0000000c     main.o (.rodata.str1.8154729771448623357.1)
                  0000880c    0000000b     display.o (.rodata.str1.589739603379439946.1)
                  00008817    0000000b     pi_tuner.o (.rodata.str1.9361549828775754826.1)
                  00008822    0000000a     ti_msp_dl_config.o (.rodata.gBT_UARTConfig)
                  0000882c    0000000a     ti_msp_dl_config.o (.rodata.gRESV1_UARTConfig)
                  00008836    0000000a     ti_msp_dl_config.o (.rodata.gRESV2_UARTConfig)
                  00008840    0000000a     ti_msp_dl_config.o (.rodata.gSTEP1_UARTConfig)
                  0000884a    0000000a     pi_tuner.o (.rodata.str1.10303519276041971749.1)
                  00008854    0000000a     angle_control.o (.rodata.str1.13634874035610976894.1)
                  0000885e    0000000a     main.o (.rodata.str1.15159059442110792349.1)
                  00008868    0000000a     angle_control.o (.rodata.str1.2539907597974761101.1)
                  00008872    0000000a     pi_tuner.o (.rodata.str1.6447895918297059244.1)
                  0000887c    0000000a     angle_control.o (.rodata.str1.6475497432929679033.1)
                  00008886    00000009     pi_tuner.o (.rodata.str1.10759955036103102303.1)
                  0000888f    00000009     pi_tuner.o (.rodata.str1.14182120608852275479.1)
                  00008898    00000009     pi_tuner.o (.rodata.str1.3002806781204802325.1)
                  000088a1    00000003     ti_msp_dl_config.o (.rodata.gTB_PWMClockConfig)
                  000088a4    00000008     ti_msp_dl_config.o (.rodata.gTB_PWMConfig)
                  000088ac    00000008     pi_tuner.o (.rodata.str1.1663488269639154025.1)
                  000088b4    00000008     display.o (.rodata.str1.18007707558113943504.1)
                  000088bc    00000008     pi_tuner.o (.rodata.str1.2647000658566596895.1)
                  000088c4    00000006     pi_tuner.o (.rodata.str1.11004617927762558769.1)
                  000088ca    00000006     pi_tuner.o (.rodata.str1.11347734564064561896.1)
                  000088d0    00000006     display.o (.rodata.str1.14016668418523698791.1)
                  000088d6    00000006     pi_tuner.o (.rodata.str1.6838928324461495103.1)
                  000088dc    00000006     pi_tuner.o (.rodata.str1.8740885078233341131.1)
                  000088e2    00000006     pi_tuner.o (.rodata.str1.9255060713866236734.1)
                  000088e8    00000005     display.o (.rodata.str1.10259940715970669519.1)
                  000088ed    00000005     main.o (.rodata.str1.17100691992556644108.1)
                  000088f2    00000005     display.o (.rodata.str1.3699469808454739818.1)
                  000088f7    00000005     pi_tuner.o (.rodata.str1.6334896048700617655.1)
                  000088fc    00000005     angle_control.o (.rodata.str1.6968693527018779074.1)
                  00008901    00000004     pi_tuner.o (.rodata.str1.12165273915408801895.1)
                  00008905    00000004     display.o (.rodata.str1.14187784952016799609.1)
                  00008909    00000004     display.o (.rodata.str1.18053110385436000724.1)
                  0000890d    00000004     pi_tuner.o (.rodata.str1.6440310701406076327.1)
                  00008911    00000004     pi_tuner.o (.rodata.str1.964677880371457748.1)
                  00008915    00000003     ti_msp_dl_config.o (.rodata.gTIMER_0ClockConfig)
                  00008918    00000003     display.o (.rodata.str1.16579666959380101696.1)
                  0000891b    00000003     pi_tuner.o (.rodata.str1.963673625662092426.1)
                  0000891e    00000002     ti_msp_dl_config.o (.rodata.gRESV1_UARTClockConfig)
                  00008920    00000002     ti_msp_dl_config.o (.rodata.gRESV2_UARTClockConfig)
                  00008922    00000002     ti_msp_dl_config.o (.rodata.gSTEP1_UARTClockConfig)
                  00008924    00000002     ti_msp_dl_config.o (.rodata.gTRACK_I2CClockConfig)
                  00008926    00000002     pi_tuner.o (.rodata.str1.11216182622332431165.1)
                  00008928    00000002     pi_tuner.o (.rodata.str1.13889686349689367236.1)
                  0000892a    00000002     pi_tuner.o (.rodata.str1.5730875131455478235.1)
                  0000892c    00000002     pi_tuner.o (.rodata.str1.8988280535705009785.1)
                  0000892e    00000002     pi_tuner.o (.rodata.str1.9085681794367472430.1)

.init_array 
*          0    00000000    00000000     UNINITIALIZED

.binit     0    00000000    00000000     

.bss       0    20200000    00000c27     UNINITIALIZED
                  20200000    00000400     bt_uart.o (.bss.gBtUartRxBuffer)
                  20200400    00000200     bt_uart.o (.bss.gBtUartTxBuffer)
                  20200600    000000bc     (.common:gENCODER1Backup)
                  202006bc    000000bc     (.common:gTB_PWMBackup)
                  20200778    000000a0     (.common:gENCODER2Backup)
                  20200818    000000a0     (.common:gTIMER_0Backup)
                  202008b8    00000080     debug_uart.o (.bss.gDebugUartRxBuffer)
                  20200938    0000007c     bsp_imu.o (.bss.g_icm_state)
                  202009b4    0000007c     bsp_imu.o (.bss.g_mpu_state)
                  20200a30    00000054     line_follow.o (.bss.gLineFollow)
                  20200a84    00000042     pi_tuner.o (.bss.gDebugLineState)
                  20200ac6    00000040     display.o (.bss.gOledRunPage)
                  20200b06    00000002     bt_uart.o (.bss.gBtUartRxHead)
                  20200b08    0000003c     angle_control.o (.bss.gAngleControl)
                  20200b44    00000030     (.common:gRESV2_UARTBackup)
                  20200b74    00000020     wheel_speed.o (.bss.gLeftController)
                  20200b94    00000020     wheel_speed.o (.bss.gRightController)
                  20200bb4    00000018     main.o (.bss.gDisplayCharacters)
                  20200bcc    0000000c     pi_tuner.o (.bss.gCurrentAttitude)
                  20200bd8    00000004     pi_tuner.o (.bss.gCurveBiasRevision)
                  20200bdc    00000004     pi_tuner.o (.bss.gLastDebugOutputTick)
                  20200be0    00000004     encoder.o (.bss.gLeftLastPositionRaw)
                  20200be4    00000004     encoder.o (.bss.gLeftPositionRaw)
                  20200be8    00000004     encoder.o (.bss.gLeftSpeed10ms)
                  20200bec    00000004     pi_tuner.o (.bss.gOuterLinePid.0)
                  20200bf0    00000004     pi_tuner.o (.bss.gOuterLinePid.2)
                  20200bf4    00000004     encoder.o (.bss.gRightLastPositionRaw)
                  20200bf8    00000004     encoder.o (.bss.gRightPositionRaw)
                  20200bfc    00000004     encoder.o (.bss.gRightSpeed10ms)
                  20200c00    00000004     (.common:gTick10ms)
                  20200c04    00000002     bt_uart.o (.bss.gBtUartRxOverflowCount)
                  20200c06    00000002     bt_uart.o (.bss.gBtUartRxTail)
                  20200c08    00000002     bt_uart.o (.bss.gBtUartTxHead)
                  20200c0a    00000002     bt_uart.o (.bss.gBtUartTxTail)
                  20200c0c    00000002     pi_tuner.o (.bss.gCurveBiasMmps)
                  20200c0e    00000002     display.o (.bss.gLastDecodedKdX100.0)
                  20200c10    00000002     display.o (.bss.gLastDecodedKdX100.1)
                  20200c12    00000001     key.o (.bss.gCandidateMask)
                  20200c13    00000001     key.o (.bss.gConsecutiveSamples)
                  20200c14    00000001     pi_tuner.o (.bss.gCurrentAttitudeValid)
                  20200c15    00000001     pi_tuner.o (.bss.gDebugMode)
                  20200c16    00000001     pi_tuner.o (.bss.gDebugOutputStarted)
                  20200c17    00000001     debug_uart.o (.bss.gDebugUartRxHead)
                  20200c18    00000001     debug_uart.o (.bss.gDebugUartRxTail)
                  20200c19    00000001     main.o (.bss.gDisplayCharacterIndex)
                  20200c1a    00000001     pi_tuner.o (.bss.gImuInitAttempted)
                  20200c1b    00000001     pi_tuner.o (.bss.gImuInitialized)
                  20200c1c    00000001     tb6612.o (.bss.gMotor1Direction)
                  20200c1d    00000001     tb6612.o (.bss.gMotor2Direction)
                  20200c1e    00000001     pi_tuner.o (.bss.gRunning)
                  20200c1f    00000001     key.o (.bss.gStableMask)
                  20200c20    00000001     pi_tuner.o (.bss.gTargetMmps)
                  20200c21    00000001     bsp_imu.o (.bss.g_icm_mag_available)
                  20200c22    00000001     bsp_imu.o (.bss.g_icm_mag_wia)
                  20200c23    00000001     bsp_imu.o (.bss.g_icm_who_am_i)
                  20200c24    00000001     bsp_imu.o (.bss.g_mpu_mag_available)
                  20200c25    00000001     bsp_imu.o (.bss.g_mpu_mag_wia)
                  20200c26    00000001     bsp_imu.o (.bss.g_mpu_who_am_i)

.data      0    20200c28    0000004e     UNINITIALIZED
                  20200c28    00000018     bsp_imu.o (.data.UserICM20948)
                  20200c40    00000018     bsp_imu.o (.data.UserMPU9250)
                  20200c58    00000014     bsp_iic.o (.data.UserII2Dev)
                  20200c6c    00000004     libc.a : aeabi_portable.c.obj (.data.__aeabi_errno)
                  20200c70    00000001     display.o (.data.gOledRunPageIndex)
                  20200c71    00000001     bsp_imu.o (.data.g_icm_init_stage)
                  20200c72    00000001     bsp_imu.o (.data.g_last_iic_status)
                  20200c73    00000001     bsp_imu.o (.data.g_mpu_address_7bit)
                  20200c74    00000001     bsp_imu.o (.data.g_mpu_init_stage)
                  20200c75    00000001     bsp_imu.o (.data.g_selected_device)

.stack     0    20207e00    00000200     UNINITIALIZED
                  20207e00    00000004     libc.a : boot_cortex_m.c.obj (.stack)
                  20207e04    000001fc     --HOLE--

__llvm_prf_cnts 
*          0    20200000    00000000     UNINITIALIZED

__llvm_prf_bits 
*          0    20200000    00000000     UNINITIALIZED

MODULE SUMMARY

       Module                         code    ro data   rw data
       ------                         ----    -------   -------
    .\
       ti_msp_dl_config.o             1548    124       744    
       startup_mspm0g350x_ticlang.o   6       192       0      
    +--+------------------------------+-------+---------+---------+
       Total:                         1554    316       744    
                                                               
    .\app\
       pi_tuner.o                     3712    521       103    
       main.o                         896     75        29     
       display.o                      784     91        69     
    +--+------------------------------+-------+---------+---------+
       Total:                         5392    687       201    
                                                               
    .\bsp\
       bsp_imu.o                      5400    0         307    
       oled.o                         2770    1520      0      
       bt_uart.o                      380     0         1546   
       debug_uart.o                   1144    0         130    
       bsp_iic.o                      1084    0         20     
       oled_soft_i2c.o                564     0         0      
       ano_protocol.o                 552     0         0      
       tb6612.o                       396     0         2      
       encoder.o                      260     0         24     
       key.o                          168     0         3      
       track.o                        36      0         0      
    +--+------------------------------+-------+---------+---------+
       Total:                         12754   1520      2032   
                                                               
    .\control\
       line_follow.o                  1028    0         84     
       wheel_speed.o                  996     0         64     
       angle_control.o                96      65        60     
    +--+------------------------------+-------+---------+---------+
       Total:                         2120    65        208    
                                                               
    C:/ti/mspm0_sdk_2_10_00_04/source/ti/driverlib/lib/ticlang/m0p/mspm0g1x0x_g3x0x/driverlib.a
       dl_timer.o                     892     12        0      
       dl_i2c.o                       240     0         0      
       dl_uart.o                      138     0         0      
       dl_common.o                    10      0         0      
    +--+------------------------------+-------+---------+---------+
       Total:                         1280    12        0      
                                                               
    C:\ti\ccs2100\ccs\tools\compiler\ti-cgt-armllvm_5.1.1.LTS\lib\armv6m-ti-none-eabi/c/libc.a
       k_rem_pio2.c.obj               1686    344       0      
       s_cosf.c.obj                   826     0         0      
       s_sinf.c.obj                   814     0         0      
       s_atanf.c.obj                  466     32        0      
       muldf3_fast.c.obj              472     0         0      
       e_sqrt.c.obj                   372     0         0      
       e_asinf.c.obj                  358     0         0      
       s_floor.c.obj                  328     0         0      
       e_atan2f.c.obj                 280     0         0      
       s_scalbn.c.obj                 220     0         0      
       e_sqrtf.c.obj                  180     0         0      
       memcpy16.S.obj                 154     0         0      
       copy_decompress_lzss.c.obj     124     0         0      
       memset16.S.obj                 98      0         0      
       autoinit.c.obj                 60      0         0      
       boot_cortex_m.c.obj            40      0         0      
       copy_decompress_none.c.obj     18      0         0      
       copy_zero_init.c.obj           16      0         0      
       aeabi_portable.c.obj           8       0         4      
       exit.c.obj                     6       0         0      
       pre_init.c.obj                 4       0         0      
    +--+------------------------------+-------+---------+---------+
       Total:                         6530    376       4      
                                                               
    C:\ti\ccs2100\ccs\tools\compiler\ti-cgt-armllvm_5.1.1.LTS\lib\armv6m-ti-none-eabi/c/libsysbm.a
       hostexit.c.obj                 4       0         0      
    +--+------------------------------+-------+---------+---------+
       Total:                         4       0         0      
                                                               
    C:\ti\ccs2100\ccs\tools\compiler\ti-cgt-armllvm_5.1.1.LTS\lib\armv6m-ti-none-eabi/libclang_rt.builtins.a
       adddf3.S.obj                   418     0         0      
       addsf3.S.obj                   232     0         0      
       comparedf2.c.obj               220     0         0      
       udivmoddi4.S.obj               162     0         0      
       mulsf3.S.obj                   156     0         0      
       divsf3.S.obj                   146     0         0      
       comparesf2.S.obj               140     0         0      
       truncdfsf2.S.obj               116     0         0      
       aeabi_dcmp.S.obj               90      0         0      
       aeabi_fcmp.S.obj               90      0         0      
       aeabi_idivmod.S.obj            86      0         0      
       extendsfdf2.S.obj              80      0         0      
       fixdfsi.S.obj                  74      0         0      
       aeabi_uidivmod.S.obj           64      0         0      
       floatsisf.S.obj                60      0         0      
       muldsi3.S.obj                  58      0         0      
       fixsfsi.S.obj                  56      0         0      
       floatsidf.S.obj                44      0         0      
       floatunsisf.S.obj              40      0         0      
       muldi3.S.obj                   36      0         0      
       ashldi3.S.obj                  30      0         0      
       aeabi_memset.S.obj             26      0         0      
       aeabi_uldivmod.S.obj           20      0         0      
       aeabi_dmul.c.obj               8       0         0      
       aeabi_memcpy.S.obj             8       0         0      
       aeabi_div0.c.obj               4       0         0      
    +--+------------------------------+-------+---------+---------+
       Total:                         2464    0         0      
                                                               
       Stack:                         0       0         512    
       Linker Generated:              0       119       0      
    +--+------------------------------+-------+---------+---------+
       Grand Total:                   32098   3095      3701   


LINKER GENERATED COPY TABLES

__TI_cinit_table @ 00008998 records: 2, size/record: 8, table size: 16
	.data: load addr=00008930, load size=00000053 bytes, run addr=20200c28, run size=0000004e bytes, compression=lzss
	.bss: load addr=00008990, load size=00000008 bytes, run addr=20200000, run size=00000c27 bytes, compression=zero_init


LINKER GENERATED HANDLER TABLE

__TI_handler_table @ 00008984 records: 3, size/record: 4, table size: 12
	index: 0, handler: __TI_decompress_lzss
	index: 1, handler: __TI_decompress_none
	index: 2, handler: __TI_zero_init


FAR CALL TRAMPOLINES

callee name               trampoline name
   callee addr  tramp addr   call addr  call info
--------------  -----------  ---------  ----------------
__aeabi_dadd              $Tramp$TT$L$PI$$__aeabi_dadd
   00003e47     00007c9c     00007c9a   libc.a : k_rem_pio2.c.obj (.text.OUTLINED_FUNCTION_0)
                             00007d7a          : k_rem_pio2.c.obj (.text.OUTLINED_FUNCTION_1)
                             00007d84          : s_cosf.c.obj (.text.OUTLINED_FUNCTION_3)
                             00007d8e          : s_sinf.c.obj (.text.OUTLINED_FUNCTION_3)
__aeabi_fmul              $Tramp$TT$L$PI$$__aeabi_fmul
   000064c5     00007dc0     00007dbc   libc.a : e_asinf.c.obj (.text.OUTLINED_FUNCTION_0)
__aeabi_fdiv              $Tramp$TT$L$PI$$__aeabi_fdiv
   0000665d     00007dd8     00007dd4   libc.a : s_atanf.c.obj (.text.OUTLINED_FUNCTION_0)
__aeabi_fadd              $Tramp$TT$L$PI$$__aeabi_fadd
   00005993     00007e10     00007e0c   libc.a : s_atanf.c.obj (.text.OUTLINED_FUNCTION_1)
__aeabi_f2d               $Tramp$TT$L$PI$$__aeabi_f2d
   00007445     00007e24     00007e22   libc.a : s_cosf.c.obj (.text.OUTLINED_FUNCTION_2)
                             00007e36          : s_sinf.c.obj (.text.OUTLINED_FUNCTION_2)

[5 trampolines]
[9 trampoline calls]


GLOBAL SYMBOLS: SORTED ALPHABETICALLY BY Name 

address   name                            
-------   ----                            
0000183f  ADC0_IRQHandler                 
0000183f  ADC1_IRQHandler                 
0000183f  AES_IRQHandler                  
00007c15  ANGLE_CONTROL_getOutput         
00007ad5  ANGLE_CONTROL_init              
000068c5  ANGLE_CONTROL_setBaseSpeedMmps  
00007b35  ANGLE_CONTROL_stateName         
000029cd  ANO_sendEulerFrame              
00007e06  C$$EXIT                         
0000183f  CANFD0_IRQHandler               
0000183f  DAC0_IRQHandler                 
00006551  DEBUG_UART_initRxInterrupt      
00007131  DEBUG_UART_tryReadByte          
00007ce5  DEBUG_UART_writeByte            
00005a61  DEBUG_UART_writeInt32           
0000489d  DEBUG_UART_writeSignedFixed3    
00007385  DEBUG_UART_writeString          
00005c09  DEBUG_UART_writeUInt32          
00006bc9  DISPLAY_oledBeginRunPage        
00007c75  DISPLAY_oledRunPageReady        
000078e5  DISPLAY_oledService             
000075ed  DISPLAY_reportCommandRejected   
000055f5  DISPLAY_reportPidApplied        
00004fe9  DISPLAY_reportPidDecoded        
00007625  DISPLAY_reportReceivedLine      
00007d69  DL_Common_delayCycles           
00006e71  DL_I2C_fillControllerTXFIFO     
00007735  DL_I2C_flushControllerRXFIFO    
00007485  DL_I2C_flushControllerTXFIFO    
0000798d  DL_I2C_setClockConfig           
00004db5  DL_Timer_initCaptureMode        
000050f1  DL_Timer_initFourCCPWMMode      
000054f9  DL_Timer_initTimerMode          
00007b51  DL_Timer_setCaptCompUpdateMethod
00007c2d  DL_Timer_setCaptureCompareOutCtl
00007cf5  DL_Timer_setCaptureCompareValue 
00007b6d  DL_Timer_setClockConfig         
000072ad  DL_UART_init                    
00007cc1  DL_UART_setClockConfig          
00007765  DL_UART_transmitDataBlocking    
0000183f  DMA_IRQHandler                  
0000183f  Default_Handler                 
00007d15  ENCODER_getLeftSpeed10ms        
00007d21  ENCODER_getRightSpeed10ms       
00007091  ENCODER_init                    
000074c1  ENCODER_updateSpeed10ms         
0000183f  GROUP0_IRQHandler               
0000183f  GROUP1_IRQHandler               
00007e07  HOSTexit                        
0000183f  HardFault_Handler               
0000183f  I2C0_IRQHandler                 
0000183f  I2C1_IRQHandler                 
00007b89  KEY_init                        
00006295  KEY_scan10ms                    
000072f5  LINE_FOLLOW_init                
000073c5  LINE_FOLLOW_resetDynamics       
00007ba5  LINE_FOLLOW_setBaseSpeedMmps    
0000733d  LINE_FOLLOW_setCurveBiasMmps    
00003fd1  LINE_FOLLOW_update10ms          
0000183f  NMI_Handler                     
000033c9  OLED_Clear                      
000079b5  OLED_I2C_Init                   
00003af5  OLED_I2C_SendByte               
0000765d  OLED_I2C_Start                  
00007795  OLED_I2C_Stop                   
00001401  OLED_Init                       
00006945  OLED_SetCursor                  
000057d1  OLED_ShowChar                   
000026d5  OLED_ShowSignedNum              
000067d9  OLED_ShowString                 
00007d2d  PI_TUNER_getCurveBiasMmps       
00007d39  PI_TUNER_getCurveBiasRevision   
000052f9  PI_TUNER_init                   
00007d45  PI_TUNER_isRunning              
000000c1  PI_TUNER_pollUart               
000053f9  PI_TUNER_update10ms             
0000183f  PendSV_Handler                  
0000183f  RTC_IRQHandler                  
00007e39  Reset_Handler                   
0000183f  SPI0_IRQHandler                 
0000183f  SPI1_IRQHandler                 
0000183f  SVC_Handler                     
00006c91  SYSCFG_DL_BT_UART_init          
0000717d  SYSCFG_DL_ENCODER1_init         
000071c9  SYSCFG_DL_ENCODER2_init         
00004b39  SYSCFG_DL_GPIO_init             
0000703d  SYSCFG_DL_ICM_I2C_init          
00006cf1  SYSCFG_DL_RESV1_UART_init       
00006d51  SYSCFG_DL_RESV2_UART_init       
00006db1  SYSCFG_DL_STEP1_UART_init       
000070e1  SYSCFG_DL_SYSCTL_init           
00006321  SYSCFG_DL_TB_PWM_init           
00007215  SYSCFG_DL_TIMER_0_init          
000077c5  SYSCFG_DL_TRACK_I2C_init        
00006a91  SYSCFG_DL_init                  
00006021  SYSCFG_DL_initPower             
0000183f  SysTick_Handler                 
000079d9  TB6612_setMotor1                
000079fd  TB6612_setMotor2                
00006ed1  TB6612_stopAll                  
000077f5  TIMA0_IRQHandler                
0000183f  TIMA1_IRQHandler                
0000183f  TIMG0_IRQHandler                
0000183f  TIMG12_IRQHandler               
00007825  TIMG6_IRQHandler                
00007a21  TIMG7_IRQHandler                
0000183f  TIMG8_IRQHandler                
00007a45  TRACK_readRawMask               
000069b9  UART0_IRQHandler                
0000183f  UART1_IRQHandler                
000042e9  UART2_IRQHandler                
0000183f  UART3_IRQHandler                
20200c28  UserICM20948                    
20200c58  UserII2Dev                      
20200c40  UserMPU9250                     
00005b35  WHEEL_SPEED_getDiagnostics      
00007d51  WHEEL_SPEED_getLeftPwm          
00007d5d  WHEEL_SPEED_getRightPwm         
00007855  WHEEL_SPEED_init                
000066e1  WHEEL_SPEED_setGainsX100        
000063ad  WHEEL_SPEED_setTargetsMmps      
00007af5  WHEEL_SPEED_update10ms          
20208000  __STACK_END                     
00000200  __STACK_SIZE                    
00000000  __TI_ATRegion0_region_sz        
00000000  __TI_ATRegion0_src_addr         
00000000  __TI_ATRegion0_trg_addr         
00000000  __TI_ATRegion1_region_sz        
00000000  __TI_ATRegion1_src_addr         
00000000  __TI_ATRegion1_trg_addr         
00000000  __TI_ATRegion2_region_sz        
00000000  __TI_ATRegion2_src_addr         
00000000  __TI_ATRegion2_trg_addr         
00008998  __TI_CINIT_Base                 
000089a8  __TI_CINIT_Limit                
000089a8  __TI_CINIT_Warm                 
00008984  __TI_Handler_Table_Base         
00008990  __TI_Handler_Table_Limit        
00007539  __TI_auto_init_nobinit_nopinit  
0000675d  __TI_decompress_lzss            
00007cd3  __TI_decompress_none            
ffffffff  __TI_pprof_out_hndl             
ffffffff  __TI_prof_data_size             
ffffffff  __TI_prof_data_start            
00000000  __TI_static_base__              
00007d05  __TI_zero_init                  
00003e47  __adddf3                        
00005993  __addsf3                        
000068d1  __aeabi_d2f                     
00007261  __aeabi_d2iz                    
00003e47  __aeabi_dadd                    
00006f2d  __aeabi_dcmpeq                  
00006f63  __aeabi_dcmpge                  
00006f75  __aeabi_dcmpgt                  
00006f51  __aeabi_dcmple                  
00006f3f  __aeabi_dcmplt                  
00007d91  __aeabi_dmul_fast               
00003e3d  __aeabi_dsub                    
20200c6c  __aeabi_errno                   
00007d99  __aeabi_errno_addr              
00007445  __aeabi_f2d                     
00007695  __aeabi_f2iz                    
00005993  __aeabi_fadd                    
00006f89  __aeabi_fcmpeq                  
00006fbf  __aeabi_fcmpge                  
00006fd1  __aeabi_fcmpgt                  
00006fad  __aeabi_fcmple                  
00006f9b  __aeabi_fcmplt                  
000064af  __aeabi_fcmpun                  
0000665d  __aeabi_fdiv                    
000064c5  __aeabi_fmul                    
00005989  __aeabi_fsub                    
00007911  __aeabi_i2d                     
00007575  __aeabi_i2f                     
00006fe5  __aeabi_idiv                    
0000359f  __aeabi_idiv0                   
00006fe5  __aeabi_idivmod                 
00003fcf  __aeabi_ldiv0                   
00007b15  __aeabi_llsl                    
00007ab1  __aeabi_lmul                    
00007c07  __aeabi_memclr                  
00007c07  __aeabi_memclr4                 
00007c07  __aeabi_memclr8                 
00007db1  __aeabi_memcpy                  
00007db1  __aeabi_memcpy4                 
00007db1  __aeabi_memcpy8                 
00007bf9  __aeabi_memset                  
00007bf9  __aeabi_memset4                 
00007bf9  __aeabi_memset8                 
00007965  __aeabi_ui2f                    
00007405  __aeabi_uidiv                   
00007405  __aeabi_uidivmod                
00007cad  __aeabi_uldivmod                
00007b15  __ashldi3                       
ffffffff  __binit__                       
00006af9  __cmpdf2                        
00006439  __cmpsf2                        
0000665d  __divsf3                        
00006af9  __eqdf2                         
00006439  __eqsf2                         
00007445  __extendsfdf2                   
00007261  __fixdfsi                       
00007695  __fixsfsi                       
00007911  __floatsidf                     
00007575  __floatsisf                     
00007965  __floatunsisf                   
00006851  __gedf2                         
00006473  __gesf2                         
00006851  __gtdf2                         
00006473  __gtsf2                         
0000079d  __kernel_rem_pio2               
00006af9  __ledf2                         
00006439  __lesf2                         
00006af9  __ltdf2                         
00006439  __ltsf2                         
UNDEFED   __mpu_init                      
00003019  __muldf3_fast                   
00007ab1  __muldi3                        
000075b1  __muldsi3                       
000064c5  __mulsf3                        
00006af9  __nedf2                         
00006439  __nesf2                         
20207e00  __stack                         
20200000  __start___llvm_prf_bits         
20200000  __start___llvm_prf_cnts         
20200000  __stop___llvm_prf_bits          
20200000  __stop___llvm_prf_cnts          
00003e3d  __subdf3                        
00005989  __subsf3                        
000068d1  __truncdfsf2                    
00005f7d  __udivmoddi4                    
000064af  __unordsf2                      
0000793d  _c_int00_noargs                 
UNDEFED   _system_post_cinit              
00007e3d  _system_pre_init                
00007e01  abort                           
0000473d  asinf                           
00004ed1  atan2f                          
0000376d  atanf                           
ffffffff  binit                           
00007bc1  bsp_imu_get_interface           
00007e41  bsp_imu_port_get_tick_ms        
00007bdd  bsp_imu_update_9axis_checked    
000031f1  cosf                            
000049f1  floor                           
000049f1  floorl                          
20200600  gENCODER1Backup                 
20200778  gENCODER2Backup                 
20200b44  gRESV2_UARTBackup               
202006bc  gTB_PWMBackup                   
20200818  gTIMER_0Backup                  
20200c00  gTick10ms                       
00000000  interruptVectors                
000058ad  ldexp                           
000058ad  ldexpl                          
00002021  main                            
000061f9  memcpy                          
00006c2d  memset                          
000058ad  scalbn                          
000058ad  scalbnl                         
000035a1  sinf                            
00004465  sqrt                            
00005cc9  sqrtf                           
00004465  sqrtl                           


GLOBAL SYMBOLS: SORTED BY Symbol Address 

address   name                            
-------   ----                            
00000000  __TI_ATRegion0_region_sz        
00000000  __TI_ATRegion0_src_addr         
00000000  __TI_ATRegion0_trg_addr         
00000000  __TI_ATRegion1_region_sz        
00000000  __TI_ATRegion1_src_addr         
00000000  __TI_ATRegion1_trg_addr         
00000000  __TI_ATRegion2_region_sz        
00000000  __TI_ATRegion2_src_addr         
00000000  __TI_ATRegion2_trg_addr         
00000000  __TI_static_base__              
00000000  interruptVectors                
000000c1  PI_TUNER_pollUart               
00000200  __STACK_SIZE                    
0000079d  __kernel_rem_pio2               
00001401  OLED_Init                       
0000183f  ADC0_IRQHandler                 
0000183f  ADC1_IRQHandler                 
0000183f  AES_IRQHandler                  
0000183f  CANFD0_IRQHandler               
0000183f  DAC0_IRQHandler                 
0000183f  DMA_IRQHandler                  
0000183f  Default_Handler                 
0000183f  GROUP0_IRQHandler               
0000183f  GROUP1_IRQHandler               
0000183f  HardFault_Handler               
0000183f  I2C0_IRQHandler                 
0000183f  I2C1_IRQHandler                 
0000183f  NMI_Handler                     
0000183f  PendSV_Handler                  
0000183f  RTC_IRQHandler                  
0000183f  SPI0_IRQHandler                 
0000183f  SPI1_IRQHandler                 
0000183f  SVC_Handler                     
0000183f  SysTick_Handler                 
0000183f  TIMA1_IRQHandler                
0000183f  TIMG0_IRQHandler                
0000183f  TIMG12_IRQHandler               
0000183f  TIMG8_IRQHandler                
0000183f  UART1_IRQHandler                
0000183f  UART3_IRQHandler                
00002021  main                            
000026d5  OLED_ShowSignedNum              
000029cd  ANO_sendEulerFrame              
00003019  __muldf3_fast                   
000031f1  cosf                            
000033c9  OLED_Clear                      
0000359f  __aeabi_idiv0                   
000035a1  sinf                            
0000376d  atanf                           
00003af5  OLED_I2C_SendByte               
00003e3d  __aeabi_dsub                    
00003e3d  __subdf3                        
00003e47  __adddf3                        
00003e47  __aeabi_dadd                    
00003fcf  __aeabi_ldiv0                   
00003fd1  LINE_FOLLOW_update10ms          
000042e9  UART2_IRQHandler                
00004465  sqrt                            
00004465  sqrtl                           
0000473d  asinf                           
0000489d  DEBUG_UART_writeSignedFixed3    
000049f1  floor                           
000049f1  floorl                          
00004b39  SYSCFG_DL_GPIO_init             
00004db5  DL_Timer_initCaptureMode        
00004ed1  atan2f                          
00004fe9  DISPLAY_reportPidDecoded        
000050f1  DL_Timer_initFourCCPWMMode      
000052f9  PI_TUNER_init                   
000053f9  PI_TUNER_update10ms             
000054f9  DL_Timer_initTimerMode          
000055f5  DISPLAY_reportPidApplied        
000057d1  OLED_ShowChar                   
000058ad  ldexp                           
000058ad  ldexpl                          
000058ad  scalbn                          
000058ad  scalbnl                         
00005989  __aeabi_fsub                    
00005989  __subsf3                        
00005993  __addsf3                        
00005993  __aeabi_fadd                    
00005a61  DEBUG_UART_writeInt32           
00005b35  WHEEL_SPEED_getDiagnostics      
00005c09  DEBUG_UART_writeUInt32          
00005cc9  sqrtf                           
00005f7d  __udivmoddi4                    
00006021  SYSCFG_DL_initPower             
000061f9  memcpy                          
00006295  KEY_scan10ms                    
00006321  SYSCFG_DL_TB_PWM_init           
000063ad  WHEEL_SPEED_setTargetsMmps      
00006439  __cmpsf2                        
00006439  __eqsf2                         
00006439  __lesf2                         
00006439  __ltsf2                         
00006439  __nesf2                         
00006473  __gesf2                         
00006473  __gtsf2                         
000064af  __aeabi_fcmpun                  
000064af  __unordsf2                      
000064c5  __aeabi_fmul                    
000064c5  __mulsf3                        
00006551  DEBUG_UART_initRxInterrupt      
0000665d  __aeabi_fdiv                    
0000665d  __divsf3                        
000066e1  WHEEL_SPEED_setGainsX100        
0000675d  __TI_decompress_lzss            
000067d9  OLED_ShowString                 
00006851  __gedf2                         
00006851  __gtdf2                         
000068c5  ANGLE_CONTROL_setBaseSpeedMmps  
000068d1  __aeabi_d2f                     
000068d1  __truncdfsf2                    
00006945  OLED_SetCursor                  
000069b9  UART0_IRQHandler                
00006a91  SYSCFG_DL_init                  
00006af9  __cmpdf2                        
00006af9  __eqdf2                         
00006af9  __ledf2                         
00006af9  __ltdf2                         
00006af9  __nedf2                         
00006bc9  DISPLAY_oledBeginRunPage        
00006c2d  memset                          
00006c91  SYSCFG_DL_BT_UART_init          
00006cf1  SYSCFG_DL_RESV1_UART_init       
00006d51  SYSCFG_DL_RESV2_UART_init       
00006db1  SYSCFG_DL_STEP1_UART_init       
00006e71  DL_I2C_fillControllerTXFIFO     
00006ed1  TB6612_stopAll                  
00006f2d  __aeabi_dcmpeq                  
00006f3f  __aeabi_dcmplt                  
00006f51  __aeabi_dcmple                  
00006f63  __aeabi_dcmpge                  
00006f75  __aeabi_dcmpgt                  
00006f89  __aeabi_fcmpeq                  
00006f9b  __aeabi_fcmplt                  
00006fad  __aeabi_fcmple                  
00006fbf  __aeabi_fcmpge                  
00006fd1  __aeabi_fcmpgt                  
00006fe5  __aeabi_idiv                    
00006fe5  __aeabi_idivmod                 
0000703d  SYSCFG_DL_ICM_I2C_init          
00007091  ENCODER_init                    
000070e1  SYSCFG_DL_SYSCTL_init           
00007131  DEBUG_UART_tryReadByte          
0000717d  SYSCFG_DL_ENCODER1_init         
000071c9  SYSCFG_DL_ENCODER2_init         
00007215  SYSCFG_DL_TIMER_0_init          
00007261  __aeabi_d2iz                    
00007261  __fixdfsi                       
000072ad  DL_UART_init                    
000072f5  LINE_FOLLOW_init                
0000733d  LINE_FOLLOW_setCurveBiasMmps    
00007385  DEBUG_UART_writeString          
000073c5  LINE_FOLLOW_resetDynamics       
00007405  __aeabi_uidiv                   
00007405  __aeabi_uidivmod                
00007445  __aeabi_f2d                     
00007445  __extendsfdf2                   
00007485  DL_I2C_flushControllerTXFIFO    
000074c1  ENCODER_updateSpeed10ms         
00007539  __TI_auto_init_nobinit_nopinit  
00007575  __aeabi_i2f                     
00007575  __floatsisf                     
000075b1  __muldsi3                       
000075ed  DISPLAY_reportCommandRejected   
00007625  DISPLAY_reportReceivedLine      
0000765d  OLED_I2C_Start                  
00007695  __aeabi_f2iz                    
00007695  __fixsfsi                       
00007735  DL_I2C_flushControllerRXFIFO    
00007765  DL_UART_transmitDataBlocking    
00007795  OLED_I2C_Stop                   
000077c5  SYSCFG_DL_TRACK_I2C_init        
000077f5  TIMA0_IRQHandler                
00007825  TIMG6_IRQHandler                
00007855  WHEEL_SPEED_init                
000078e5  DISPLAY_oledService             
00007911  __aeabi_i2d                     
00007911  __floatsidf                     
0000793d  _c_int00_noargs                 
00007965  __aeabi_ui2f                    
00007965  __floatunsisf                   
0000798d  DL_I2C_setClockConfig           
000079b5  OLED_I2C_Init                   
000079d9  TB6612_setMotor1                
000079fd  TB6612_setMotor2                
00007a21  TIMG7_IRQHandler                
00007a45  TRACK_readRawMask               
00007ab1  __aeabi_lmul                    
00007ab1  __muldi3                        
00007ad5  ANGLE_CONTROL_init              
00007af5  WHEEL_SPEED_update10ms          
00007b15  __aeabi_llsl                    
00007b15  __ashldi3                       
00007b35  ANGLE_CONTROL_stateName         
00007b51  DL_Timer_setCaptCompUpdateMethod
00007b6d  DL_Timer_setClockConfig         
00007b89  KEY_init                        
00007ba5  LINE_FOLLOW_setBaseSpeedMmps    
00007bc1  bsp_imu_get_interface           
00007bdd  bsp_imu_update_9axis_checked    
00007bf9  __aeabi_memset                  
00007bf9  __aeabi_memset4                 
00007bf9  __aeabi_memset8                 
00007c07  __aeabi_memclr                  
00007c07  __aeabi_memclr4                 
00007c07  __aeabi_memclr8                 
00007c15  ANGLE_CONTROL_getOutput         
00007c2d  DL_Timer_setCaptureCompareOutCtl
00007c75  DISPLAY_oledRunPageReady        
00007cad  __aeabi_uldivmod                
00007cc1  DL_UART_setClockConfig          
00007cd3  __TI_decompress_none            
00007ce5  DEBUG_UART_writeByte            
00007cf5  DL_Timer_setCaptureCompareValue 
00007d05  __TI_zero_init                  
00007d15  ENCODER_getLeftSpeed10ms        
00007d21  ENCODER_getRightSpeed10ms       
00007d2d  PI_TUNER_getCurveBiasMmps       
00007d39  PI_TUNER_getCurveBiasRevision   
00007d45  PI_TUNER_isRunning              
00007d51  WHEEL_SPEED_getLeftPwm          
00007d5d  WHEEL_SPEED_getRightPwm         
00007d69  DL_Common_delayCycles           
00007d91  __aeabi_dmul_fast               
00007d99  __aeabi_errno_addr              
00007db1  __aeabi_memcpy                  
00007db1  __aeabi_memcpy4                 
00007db1  __aeabi_memcpy8                 
00007e01  abort                           
00007e06  C$$EXIT                         
00007e07  HOSTexit                        
00007e39  Reset_Handler                   
00007e3d  _system_pre_init                
00007e41  bsp_imu_port_get_tick_ms        
00008984  __TI_Handler_Table_Base         
00008990  __TI_Handler_Table_Limit        
00008998  __TI_CINIT_Base                 
000089a8  __TI_CINIT_Limit                
000089a8  __TI_CINIT_Warm                 
20200000  __start___llvm_prf_bits         
20200000  __start___llvm_prf_cnts         
20200000  __stop___llvm_prf_bits          
20200000  __stop___llvm_prf_cnts          
20200600  gENCODER1Backup                 
202006bc  gTB_PWMBackup                   
20200778  gENCODER2Backup                 
20200818  gTIMER_0Backup                  
20200b44  gRESV2_UARTBackup               
20200c00  gTick10ms                       
20200c28  UserICM20948                    
20200c40  UserMPU9250                     
20200c58  UserII2Dev                      
20200c6c  __aeabi_errno                   
20207e00  __stack                         
20208000  __STACK_END                     
ffffffff  __TI_pprof_out_hndl             
ffffffff  __TI_prof_data_size             
ffffffff  __TI_prof_data_start            
ffffffff  __binit__                       
ffffffff  binit                           
UNDEFED   __mpu_init                      
UNDEFED   _system_post_cinit              

[264 symbols]
